[2026-09-20_09:32:56] stage: 11 subsampled near-tau designs, grid 256, all 100 wavelengths, 2 workers
[2026-09-20_09:32:56] w0 start B s123 i17
[2026-09-20_09:34:56] w1 start B s123 i6
[2026-09-20_09:35:43] w0 done  B s123 i17 (exit 0)
[2026-09-20_09:35:43] w0 start B s42 i0
[2026-09-20_09:37:11] w1 done  B s123 i6 (exit 0)
[2026-09-20_09:37:11] w1 start B s42 i16
[2026-09-20_09:40:41] w0 done  B s42 i0 (exit 0)
[2026-09-20_09:40:41] w0 start B s42 i4
[2026-09-20_09:42:59] w0 done  B s42 i4 (exit 0)
[2026-09-20_09:42:59] w0 start B s777 i4
[2026-09-20_09:43:54] w1 done  B s42 i16 (exit 0)
[2026-09-20_09:43:54] w1 start B s42 i6
[2026-09-20_09:45:28] w0 done  B s777 i4 (exit 0)
[2026-09-20_09:45:28] w0 start C s123 i19
[2026-09-20_09:46:14] w1 done  B s42 i6 (exit 0)
[2026-09-20_09:46:14] w1 start B s777 i6
[2026-09-20_09:48:29] w1 done  B s777 i6 (exit 0)
[2026-09-20_09:48:29] w1 start C s42 i17
[2026-09-20_09:49:02] w0 done  C s123 i19 (exit 0)
[2026-09-20_09:51:59] w1 done  C s42 i17 (exit 0)
[2026-09-20_09:51:59] ALL DONE
