[B s123 i6] P=397.9, R_out=191.9, R_in=156.7, R_disk=22.0, t_Cr=64.5, d_SiO2=116.7, theta=20.1, phi=7.6
  archived: surrogate MAE 0.22 %, RCWA MAE 4.17 % (N 9-13); 100/100 wavelengths
  grid  256:   133.3 s | MAE vs target  3.98 % | vs archived GPU(64): mean  0.20 pp, max  0.52 pp
  grid 64(archived) -> 256: mean |dA|  0.20 pp, max  0.52 pp | MAE 4.17 -> 3.98 % | verdict pass -> pass
[B s42 i16] P=698.0, R_out=193.8, R_in=185.8, R_disk=10.0, t_Cr=50.8, d_SiO2=128.3, theta=60.0, phi=16.6
  archived: surrogate MAE 0.78 %, RCWA MAE 4.48 % (N 9-17); 100/100 wavelengths
  grid  256:   401.4 s | MAE vs target  4.97 % | vs archived GPU(64): mean  0.71 pp, max  1.10 pp
  grid 64(archived) -> 256: mean |dA|  0.71 pp, max  1.10 pp | MAE 4.48 -> 4.97 % | verdict pass -> pass
[B s42 i6] P=383.1, R_out=187.3, R_in=153.1, R_disk=15.1, t_Cr=62.8, d_SiO2=120.3, theta=25.8, phi=33.5
  archived: surrogate MAE 0.12 %, RCWA MAE 4.15 % (N 9-13); 100/100 wavelengths
  grid  256:   138.9 s | MAE vs target  4.20 % | vs archived GPU(64): mean  0.07 pp, max  0.15 pp
  grid 64(archived) -> 256: mean |dA|  0.07 pp, max  0.15 pp | MAE 4.15 -> 4.20 % | verdict pass -> pass
[B s777 i6] P=382.7, R_out=186.8, R_in=149.5, R_disk=19.2, t_Cr=58.3, d_SiO2=118.3, theta=18.0, phi=14.8
  archived: surrogate MAE 0.13 %, RCWA MAE 4.00 % (N 9-13); 100/100 wavelengths
  grid  256:   134.4 s | MAE vs target  4.04 % | vs archived GPU(64): mean  0.07 pp, max  0.13 pp
  grid 64(archived) -> 256: mean |dA|  0.07 pp, max  0.13 pp | MAE 4.00 -> 4.04 % | verdict pass -> pass
[C s42 i17] P=730.4, Wx=165.9, Wy=213.3, t_Cr=70.3, d_SiO2=160.4, theta=42.2, phi=37.3
  archived: surrogate MAE 3.85 %, RCWA MAE 5.93 % (N 9-13); 100/100 wavelengths
  grid  256:   208.3 s | MAE vs target  5.92 % | vs archived GPU(64): mean  0.77 pp, max  2.15 pp
  grid 64(archived) -> 256: mean |dA|  0.77 pp, max  2.15 pp | MAE 5.93 -> 5.92 % | verdict PRETENDER -> PRETENDER
