[2026-09-18_08:53:55] waiting for logs_pub/gate_seeds_DONE.txt
[2026-09-19_08:53:55] T76 done; starting 20-design grid-256 queue, 2 workers
[2026-09-19_08:53:55] w0 start A s777 i18
[2026-09-19_08:55:55] w1 start C s777 i19
[2026-09-19_09:25:11] w1 done  C s777 i19 (exit 0)
[2026-09-19_09:25:11] w1 start A s42 i1
[2026-09-19_09:52:34] w0 done  A s777 i18 (exit 0)
[2026-09-19_09:52:34] w0 start D s42 i19
[2026-09-19_10:22:00] w0 done  D s42 i19 (exit 0)
[2026-09-19_10:22:00] w0 start A s123 i1
[2026-09-19_10:24:33] w1 done  A s42 i1 (exit 0)
[2026-09-19_10:24:33] w1 start A s123 i2
[2026-09-19_11:16:50] w0 done  A s123 i1 (exit 0)
[2026-09-19_11:16:50] w0 start C s123 i7
[2026-09-19_11:29:16] w1 done  A s123 i2 (exit 0)
[2026-09-19_11:29:16] w1 start C s42 i9
[2026-09-19_11:43:03] w0 done  C s123 i7 (exit 0)
[2026-09-19_11:43:03] w0 start C s123 i9
[2026-09-19_11:59:28] w1 done  C s42 i9 (exit 0)
[2026-09-19_11:59:28] w1 start C s777 i9
[2026-09-19_12:14:43] w0 done  C s123 i9 (exit 0)
[2026-09-19_12:14:43] w0 start A s42 i9
[2026-09-19_12:29:53] w1 done  C s777 i9 (exit 0)
[2026-09-19_12:29:53] w1 start D s42 i37
[2026-09-19_12:57:40] w1 done  D s42 i37 (exit 0)
[2026-09-19_12:57:40] w1 start D s42 i0
[2026-09-19_13:10:37] w0 done  A s42 i9 (exit 0)
[2026-09-19_13:10:37] w0 start B s42 i13
[2026-09-19_13:12:59] w0 done  B s42 i13 (exit 0)
[2026-09-19_13:12:59] w0 start A s42 i12
[2026-09-19_13:25:03] w1 done  D s42 i0 (exit 0)
[2026-09-19_13:25:03] w1 start D s42 i25
[2026-09-19_13:55:06] w1 done  D s42 i25 (exit 0)
[2026-09-19_13:55:06] w1 start D s42 i1
[2026-09-19_14:10:48] w0 done  A s42 i12 (exit 0)
[2026-09-19_14:10:48] w0 start D s42 i30
[2026-09-19_14:21:55] w1 done  D s42 i1 (exit 0)
[2026-09-19_14:21:55] w1 start C s42 i3
[2026-09-19_14:37:55] w0 done  D s42 i30 (exit 0)
[2026-09-19_14:37:55] w0 start D s42 i48
[2026-09-19_14:50:16] w1 done  C s42 i3 (exit 0)
[2026-09-19_15:05:44] w0 done  D s42 i48 (exit 0)
[2026-09-19_15:05:44] ALL GRID-DELTA SOLVES DONE
