[inverse B v8] device=cuda  N=20 targets × 8 restarts  wl 400-1800 nm  parametrization=design box
  [ 1/20] orig idx=182  surr MAE= 0.29%  best r=1  loss range [1.23e-05,1.61e-02]  max|Δu|=0.96  (180s)
  [ 2/20] orig idx=366  surr MAE= 0.39%  best r=5  loss range [3.44e-05,1.03e-03]  max|Δu|=0.87  (95s)
  [ 3/20] orig idx=109  surr MAE= 0.35%  best r=6  loss range [4.51e-05,4.40e-03]  max|Δu|=0.97  (88s)
  [ 4/20] orig idx=438  surr MAE= 0.44%  best r=5  loss range [4.21e-05,2.28e-04]  max|Δu|=0.78  (67s)
  [ 5/20] orig idx=462  surr MAE= 1.05%  best r=3  loss range [2.47e-04,2.68e-03]  max|Δu|=0.89  (199s)
  [ 6/20] orig idx= 22  surr MAE= 0.54%  best r=4  loss range [1.06e-04,1.15e-02]  max|Δu|=1.00  (135s)
  [ 7/20] orig idx=316  surr MAE= 0.12%  best r=7  loss range [3.65e-06,2.34e-04]  max|Δu|=0.89  (233s)
  [ 8/20] orig idx=421  surr MAE= 0.95%  best r=5  loss range [2.19e-04,4.62e-03]  max|Δu|=0.97  (202s)
  [ 9/20] orig idx=459  surr MAE= 1.19%  best r=5  loss range [2.22e-04,1.00e-02]  max|Δu|=0.86  (96s)
  [10/20] orig idx= 97  surr MAE= 0.46%  best r=2  loss range [6.85e-05,2.22e-03]  max|Δu|=0.92  (98s)
  [11/20] orig idx=110  surr MAE= 1.27%  best r=5  loss range [6.55e-04,2.62e-02]  max|Δu|=0.88  (184s)
  [12/20] orig idx=272  surr MAE= 0.38%  best r=3  loss range [3.03e-05,3.82e-04]  max|Δu|=0.96  (139s)
  [13/20] orig idx= 35  surr MAE= 0.23%  best r=7  loss range [1.36e-05,1.29e-03]  max|Δu|=0.87  (137s)
  [14/20] orig idx=480  surr MAE= 0.11%  best r=5  loss range [3.64e-06,1.32e-04]  max|Δu|=0.79  (70s)
  [15/20] orig idx=237  surr MAE= 0.24%  best r=2  loss range [9.78e-06,3.60e-03]  max|Δu|=0.99  (67s)
  [16/20] orig idx= 41  surr MAE= 0.40%  best r=5  loss range [7.65e-05,5.42e-04]  max|Δu|=0.80  (170s)
  [17/20] orig idx=320  surr MAE= 0.78%  best r=4  loss range [1.23e-04,3.31e-02]  max|Δu|=0.92  (113s)
  [18/20] orig idx=240  surr MAE= 0.18%  best r=4  loss range [5.79e-06,1.11e-04]  max|Δu|=0.86  (161s)
  [19/20] orig idx=  6  surr MAE= 0.26%  best r=0  loss range [1.65e-05,5.12e-03]  max|Δu|=0.83  (172s)
  [20/20] orig idx=397  surr MAE= 0.33%  best r=0  loss range [2.12e-05,1.26e-03]  max|Δu|=0.76  (167s)
[inverse B v8] wrote inverse_B_v8.npz  mean surr MAE 0.50% (range 0.11-1.27%)  total 2774s
