[inverse C v8] device=cuda  N=20 targets × 8 restarts  wl 400-1800 nm  parametrization=design box
  [ 1/20] orig idx=187  surr MAE= 0.73%  best r=6  loss range [1.57e-04,3.30e-03]  max|Δu|=0.95  (212s)
  [ 2/20] orig idx=376  surr MAE= 0.83%  best r=3  loss range [1.35e-04,4.74e-03]  max|Δu|=0.90  (160s)
  [ 3/20] orig idx=325  surr MAE= 0.92%  best r=2  loss range [1.26e-04,8.51e-03]  max|Δu|=0.84  (259s)
  [ 4/20] orig idx=449  surr MAE= 0.85%  best r=3  loss range [1.67e-04,1.27e-02]  max|Δu|=0.88  (254s)
  [ 5/20] orig idx=474  surr MAE= 0.47%  best r=1  loss range [4.31e-05,1.15e-02]  max|Δu|=0.78  (98s)
  [ 6/20] orig idx= 24  surr MAE= 0.99%  best r=1  loss range [2.01e-04,2.01e-04]  max|Δu|=0.76  (222s)
  [ 7/20] orig idx=443  surr MAE= 3.28%  best r=7  loss range [1.80e-03,5.58e-03]  max|Δu|=0.76  (187s)
  [ 8/20] orig idx= 25  surr MAE= 2.72%  best r=7  loss range [2.98e-03,8.46e-03]  max|Δu|=0.82  (150s)
  [ 9/20] orig idx=471  surr MAE= 0.32%  best r=2  loss range [2.36e-05,7.43e-03]  max|Δu|=0.93  (215s)
  [10/20] orig idx= 99  surr MAE= 0.96%  best r=2  loss range [2.03e-04,1.31e-02]  max|Δu|=0.95  (251s)
  [11/20] orig idx=112  surr MAE= 1.08%  best r=6  loss range [2.32e-04,5.93e-03]  max|Δu|=0.78  (247s)
  [12/20] orig idx=431  surr MAE= 1.44%  best r=0  loss range [3.22e-04,3.31e-04]  max|Δu|=0.82  (209s)
  [13/20] orig idx= 37  surr MAE= 0.99%  best r=6  loss range [2.16e-04,1.05e-03]  max|Δu|=0.80  (201s)
  [14/20] orig idx=481  surr MAE= 0.94%  best r=4  loss range [2.07e-04,4.61e-03]  max|Δu|=0.76  (256s)
  [15/20] orig idx=244  surr MAE= 1.22%  best r=1  loss range [3.49e-04,3.37e-03]  max|Δu|=0.94  (186s)
  [16/20] orig idx= 43  surr MAE= 0.20%  best r=6  loss range [8.70e-06,1.77e-03]  max|Δu|=0.95  (216s)
  [17/20] orig idx=329  surr MAE= 0.27%  best r=0  loss range [1.92e-05,1.01e-02]  max|Δu|=0.66  (181s)
  [18/20] orig idx=247  surr MAE= 4.85%  best r=2  loss range [7.84e-03,1.10e-02]  max|Δu|=0.98  (266s)
  [19/20] orig idx=  6  surr MAE= 1.32%  best r=2  loss range [5.38e-04,1.04e-02]  max|Δu|=0.93  (275s)
  [20/20] orig idx=406  surr MAE= 1.78%  best r=4  loss range [1.28e-03,1.36e-02]  max|Δu|=0.92  (156s)
[inverse C v8] wrote inverse_C_s123_m0_v8.npz  mean surr MAE 1.31% (range 0.20-4.85%)  total 4201s
