[inverse C v8] device=cuda  N=20 targets × 8 restarts  wl 400-1800 nm  parametrization=design box
  [ 1/20] orig idx=187  surr MAE= 0.91%  best r=1  loss range [1.82e-04,3.31e-03]  max|Δu|=0.95  (142s)
  [ 2/20] orig idx=376  surr MAE= 0.90%  best r=6  loss range [2.04e-04,1.53e-03]  max|Δu|=0.96  (106s)
  [ 3/20] orig idx=325  surr MAE= 0.76%  best r=2  loss range [1.51e-04,5.39e-03]  max|Δu|=0.73  (112s)
  [ 4/20] orig idx=449  surr MAE= 1.00%  best r=1  loss range [2.13e-04,1.32e-02]  max|Δu|=0.84  (95s)
  [ 5/20] orig idx=474  surr MAE= 0.32%  best r=7  loss range [2.44e-05,1.60e-02]  max|Δu|=0.66  (98s)
  [ 6/20] orig idx= 24  surr MAE= 0.86%  best r=0  loss range [1.47e-04,1.30e-03]  max|Δu|=0.96  (97s)
  [ 7/20] orig idx=443  surr MAE= 1.47%  best r=7  loss range [5.75e-04,5.73e-03]  max|Δu|=0.93  (117s)
  [ 8/20] orig idx= 25  surr MAE= 2.68%  best r=7  loss range [1.88e-03,9.78e-03]  max|Δu|=0.99  (78s)
  [ 9/20] orig idx=471  surr MAE= 0.25%  best r=4  loss range [1.23e-05,5.33e-03]  max|Δu|=0.93  (78s)
  [10/20] orig idx= 99  surr MAE= 1.25%  best r=2  loss range [3.11e-04,1.10e-02]  max|Δu|=0.97  (78s)
  [11/20] orig idx=112  surr MAE= 1.15%  best r=2  loss range [2.43e-04,5.23e-03]  max|Δu|=0.78  (79s)
  [12/20] orig idx=431  surr MAE= 1.16%  best r=2  loss range [2.45e-04,1.68e-03]  max|Δu|=0.80  (78s)
  [13/20] orig idx= 37  surr MAE= 1.03%  best r=6  loss range [2.42e-04,2.68e-03]  max|Δu|=0.79  (79s)
  [14/20] orig idx=481  surr MAE= 1.57%  best r=4  loss range [4.47e-04,2.55e-03]  max|Δu|=0.95  (78s)
  [15/20] orig idx=244  surr MAE= 1.34%  best r=1  loss range [3.96e-04,3.96e-03]  max|Δu|=0.94  (78s)
  [16/20] orig idx= 43  surr MAE= 0.17%  best r=6  loss range [7.63e-06,3.53e-03]  max|Δu|=0.80  (78s)
  [17/20] orig idx=329  surr MAE= 0.18%  best r=7  loss range [5.21e-06,1.48e-02]  max|Δu|=0.70  (79s)
  [18/20] orig idx=247  surr MAE= 3.72%  best r=4  loss range [4.79e-03,1.20e-02]  max|Δu|=0.92  (78s)
  [19/20] orig idx=  6  surr MAE= 1.27%  best r=0  loss range [4.93e-04,3.67e-03]  max|Δu|=0.89  (78s)
  [20/20] orig idx=406  surr MAE= 3.36%  best r=6  loss range [2.66e-03,1.12e-02]  max|Δu|=0.85  (163s)
[inverse C v8] wrote inverse_C_s777_v8.npz  mean surr MAE 1.27% (range 0.17-3.72%)  total 1872s
