[inverse A v8] device=cuda  N=20 targets × 8 restarts  wl 400-1800 nm  parametrization=feasible (nested box)
  [ 1/20] orig idx=182  surr MAE= 0.63%  best r=6  loss range [2.84e-04,5.17e-04]  max|Δu|=0.82  (238s)
  [ 2/20] orig idx=366  surr MAE= 0.53%  best r=3  loss range [8.08e-05,3.92e-04]  max|Δu|=0.93  (169s)
  [ 3/20] orig idx=109  surr MAE= 0.58%  best r=2  loss range [5.86e-05,1.31e-03]  max|Δu|=0.93  (211s)
  [ 4/20] orig idx=437  surr MAE= 0.95%  best r=0  loss range [2.07e-04,1.14e-03]  max|Δu|=0.97  (250s)
  [ 5/20] orig idx=462  surr MAE= 0.44%  best r=0  loss range [2.57e-05,6.51e-04]  max|Δu|=0.81  (175s)
  [ 6/20] orig idx= 22  surr MAE= 0.30%  best r=7  loss range [2.01e-05,1.65e-03]  max|Δu|=0.91  (163s)
  [ 7/20] orig idx=316  surr MAE= 0.80%  best r=6  loss range [1.48e-04,6.29e-04]  max|Δu|=0.97  (109s)
  [ 8/20] orig idx=420  surr MAE= 0.26%  best r=2  loss range [9.98e-06,7.00e-04]  max|Δu|=0.99  (126s)
  [ 9/20] orig idx=459  surr MAE= 0.82%  best r=2  loss range [1.21e-04,3.08e-03]  max|Δu|=0.99  (142s)
  [10/20] orig idx= 97  surr MAE= 0.77%  best r=0  loss range [9.72e-05,5.23e-04]  max|Δu|=0.99  (245s)
  [11/20] orig idx=110  surr MAE= 0.44%  best r=4  loss range [4.64e-05,9.11e-04]  max|Δu|=0.99  (230s)
  [12/20] orig idx=272  surr MAE= 0.08%  best r=6  loss range [8.82e-07,1.19e-04]  max|Δu|=0.98  (147s)
  [13/20] orig idx= 35  surr MAE= 0.18%  best r=4  loss range [1.00e-05,3.07e-02]  max|Δu|=0.89  (202s)
  [14/20] orig idx=481  surr MAE= 0.14%  best r=5  loss range [3.54e-06,5.15e-04]  max|Δu|=0.95  (280s)
  [15/20] orig idx=237  surr MAE= 1.04%  best r=4  loss range [1.91e-04,7.68e-03]  max|Δu|=0.89  (268s)
  [16/20] orig idx= 41  surr MAE= 0.48%  best r=5  loss range [9.98e-05,1.52e-03]  max|Δu|=0.87  (220s)
  [17/20] orig idx=320  surr MAE= 0.06%  best r=6  loss range [1.13e-06,4.97e-03]  max|Δu|=0.92  (280s)
  [18/20] orig idx=240  surr MAE= 0.89%  best r=1  loss range [1.48e-04,2.17e-03]  max|Δu|=0.91  (150s)
  [19/20] orig idx=  6  surr MAE= 0.17%  best r=3  loss range [4.25e-06,9.96e-04]  max|Δu|=0.98  (202s)
  [20/20] orig idx=396  surr MAE= 0.17%  best r=7  loss range [1.25e-05,3.74e-04]  max|Δu|=0.87  (185s)
[inverse A v8] wrote inverse_A_s777_feas_v8.npz  mean surr MAE 0.49% (range 0.06-1.04%)  total 3991s
