[inverse B v8] device=cuda  N=20 targets × 8 restarts  wl 400-1800 nm  parametrization=feasible (nested box)
  [ 1/20] orig idx=182  surr MAE= 0.17%  best r=3  loss range [4.68e-06,1.50e-02]  max|Δu|=0.89  (151s)
  [ 2/20] orig idx=366  surr MAE= 0.49%  best r=7  loss range [6.74e-05,9.11e-05]  max|Δu|=0.79  (219s)
  [ 3/20] orig idx=109  surr MAE= 0.32%  best r=6  loss range [4.18e-05,4.30e-03]  max|Δu|=0.97  (150s)
  [ 4/20] orig idx=438  surr MAE= 0.43%  best r=0  loss range [3.88e-05,5.51e-04]  max|Δu|=0.81  (260s)
  [ 5/20] orig idx=462  surr MAE= 1.04%  best r=4  loss range [2.29e-04,4.19e-03]  max|Δu|=0.99  (217s)
  [ 6/20] orig idx= 22  surr MAE= 0.41%  best r=4  loss range [5.60e-05,7.60e-03]  max|Δu|=1.00  (147s)
  [ 7/20] orig idx=316  surr MAE= 0.22%  best r=0  loss range [8.89e-06,3.79e-04]  max|Δu|=0.80  (250s)
  [ 8/20] orig idx=421  surr MAE= 1.01%  best r=5  loss range [3.02e-04,5.17e-03]  max|Δu|=0.97  (119s)
  [ 9/20] orig idx=459  surr MAE= 1.39%  best r=1  loss range [3.57e-04,2.13e-02]  max|Δu|=0.86  (261s)
  [10/20] orig idx= 97  surr MAE= 0.68%  best r=7  loss range [8.13e-05,2.41e-03]  max|Δu|=1.00  (79s)
  [11/20] orig idx=110  surr MAE= 0.88%  best r=7  loss range [4.88e-04,2.34e-02]  max|Δu|=0.99  (130s)
  [12/20] orig idx=272  surr MAE= 0.20%  best r=2  loss range [1.04e-05,6.65e-05]  max|Δu|=0.90  (183s)
  [13/20] orig idx= 35  surr MAE= 0.43%  best r=5  loss range [3.36e-05,6.92e-04]  max|Δu|=0.91  (126s)
  [14/20] orig idx=480  surr MAE= 0.21%  best r=4  loss range [1.00e-05,1.97e-04]  max|Δu|=0.84  (120s)
  [15/20] orig idx=237  surr MAE= 0.53%  best r=4  loss range [4.59e-05,7.70e-04]  max|Δu|=0.97  (67s)
  [16/20] orig idx= 41  surr MAE= 0.74%  best r=2  loss range [1.02e-04,7.18e-04]  max|Δu|=0.82  (159s)
  [17/20] orig idx=320  surr MAE= 0.40%  best r=6  loss range [4.20e-05,3.86e-02]  max|Δu|=0.99  (113s)
  [18/20] orig idx=240  surr MAE= 0.24%  best r=4  loss range [1.23e-05,1.49e-04]  max|Δu|=0.90  (262s)
  [19/20] orig idx=  6  surr MAE= 0.20%  best r=6  loss range [1.12e-05,2.79e-04]  max|Δu|=0.98  (119s)
  [20/20] orig idx=397  surr MAE= 0.44%  best r=2  loss range [3.67e-05,5.81e-05]  max|Δu|=0.79  (131s)
[inverse B v8] wrote inverse_B_s777_feas_v8.npz  mean surr MAE 0.52% (range 0.17-1.39%)  total 3265s
