[inverse C v8] device=cuda  N=20 targets × 8 restarts  wl 400-1800 nm  parametrization=design box
  [ 1/20] orig idx=187  surr MAE= 0.65%  best r=6  loss range [9.00e-05,3.56e-03]  max|Δu|=0.96  (203s)
  [ 2/20] orig idx=376  surr MAE= 0.92%  best r=3  loss range [2.22e-04,2.73e-03]  max|Δu|=0.95  (112s)
  [ 3/20] orig idx=325  surr MAE= 0.96%  best r=3  loss range [1.51e-04,5.85e-03]  max|Δu|=0.84  (79s)
  [ 4/20] orig idx=449  surr MAE= 0.81%  best r=1  loss range [1.83e-04,1.11e-02]  max|Δu|=0.84  (259s)
  [ 5/20] orig idx=474  surr MAE= 0.35%  best r=7  loss range [2.56e-05,9.74e-03]  max|Δu|=0.81  (167s)
  [ 6/20] orig idx= 24  surr MAE= 0.82%  best r=5  loss range [1.39e-04,1.26e-03]  max|Δu|=0.68  (190s)
  [ 7/20] orig idx=443  surr MAE= 3.85%  best r=6  loss range [2.03e-03,5.48e-03]  max|Δu|=0.92  (161s)
  [ 8/20] orig idx= 25  surr MAE= 2.48%  best r=6  loss range [1.85e-03,1.50e-02]  max|Δu|=0.92  (181s)
  [ 9/20] orig idx=471  surr MAE= 0.31%  best r=6  loss range [1.91e-05,7.59e-03]  max|Δu|=0.93  (189s)
  [10/20] orig idx= 99  surr MAE= 0.64%  best r=4  loss range [1.12e-04,1.33e-02]  max|Δu|=0.95  (133s)
  [11/20] orig idx=112  surr MAE= 1.18%  best r=4  loss range [2.85e-04,6.11e-03]  max|Δu|=0.79  (166s)
  [12/20] orig idx=431  surr MAE= 1.27%  best r=0  loss range [2.86e-04,3.11e-04]  max|Δu|=0.93  (248s)
  [13/20] orig idx= 37  surr MAE= 1.07%  best r=0  loss range [2.12e-04,3.06e-03]  max|Δu|=0.76  (78s)
  [14/20] orig idx=481  surr MAE= 1.19%  best r=7  loss range [2.72e-04,3.31e-03]  max|Δu|=0.65  (240s)
  [15/20] orig idx=244  surr MAE= 1.29%  best r=0  loss range [3.17e-04,2.32e-03]  max|Δu|=0.80  (194s)
  [16/20] orig idx= 43  surr MAE= 0.18%  best r=0  loss range [7.20e-06,1.50e-03]  max|Δu|=0.94  (117s)
  [17/20] orig idx=329  surr MAE= 0.16%  best r=6  loss range [6.27e-06,1.16e-02]  max|Δu|=0.79  (87s)
  [18/20] orig idx=247  surr MAE= 3.97%  best r=2  loss range [4.78e-03,1.12e-02]  max|Δu|=0.78  (261s)
  [19/20] orig idx=  6  surr MAE= 1.17%  best r=0  loss range [3.96e-04,3.29e-03]  max|Δu|=0.85  (273s)
  [20/20] orig idx=406  surr MAE= 2.54%  best r=7  loss range [1.52e-03,1.38e-02]  max|Δu|=0.85  (220s)
[inverse C v8] wrote inverse_C_s777_m0_v8.npz  mean surr MAE 1.29% (range 0.16-3.97%)  total 3557s
