[inverse A v8] device=cuda  N=20 targets × 8 restarts  wl 400-1800 nm  parametrization=design box
  [ 1/20] orig idx=182  surr MAE= 0.95%  best r=6  loss range [3.13e-04,1.19e-03]  max|Δu|=0.82  (188s)
  [ 2/20] orig idx=366  surr MAE= 0.91%  best r=4  loss range [1.42e-04,4.18e-03]  max|Δu|=0.95  (237s)
  [ 3/20] orig idx=109  surr MAE= 0.48%  best r=2  loss range [5.74e-05,2.16e-03]  max|Δu|=1.00  (154s)
  [ 4/20] orig idx=437  surr MAE= 0.93%  best r=5  loss range [2.59e-04,1.33e-02]  max|Δu|=0.95  (121s)
  [ 5/20] orig idx=462  surr MAE= 0.22%  best r=6  loss range [8.21e-06,3.27e-04]  max|Δu|=0.95  (249s)
  [ 6/20] orig idx= 22  surr MAE= 0.34%  best r=6  loss range [2.13e-05,1.06e-03]  max|Δu|=0.89  (276s)
  [ 7/20] orig idx=316  surr MAE= 0.64%  best r=0  loss range [1.23e-04,1.88e-03]  max|Δu|=0.98  (176s)
  [ 8/20] orig idx=420  surr MAE= 0.20%  best r=0  loss range [5.45e-06,1.11e-04]  max|Δu|=0.93  (237s)
  [ 9/20] orig idx=459  surr MAE= 0.70%  best r=2  loss range [1.17e-04,3.56e-03]  max|Δu|=0.98  (133s)
  [10/20] orig idx= 97  surr MAE= 0.20%  best r=0  loss range [6.40e-06,4.23e-04]  max|Δu|=1.00  (111s)
  [11/20] orig idx=110  surr MAE= 0.32%  best r=3  loss range [2.42e-05,6.75e-04]  max|Δu|=0.84  (125s)
  [12/20] orig idx=272  surr MAE= 0.27%  best r=6  loss range [1.69e-05,1.94e-04]  max|Δu|=0.91  (109s)
  [13/20] orig idx= 35  surr MAE= 0.18%  best r=4  loss range [1.27e-05,2.20e-02]  max|Δu|=0.94  (162s)
  [14/20] orig idx=481  surr MAE= 0.18%  best r=5  loss range [6.16e-06,8.40e-04]  max|Δu|=0.95  (103s)
  [15/20] orig idx=237  surr MAE= 0.94%  best r=5  loss range [2.13e-04,8.83e-04]  max|Δu|=1.00  (81s)
  [16/20] orig idx= 41  surr MAE= 0.51%  best r=7  loss range [8.77e-05,2.17e-04]  max|Δu|=0.88  (96s)
  [17/20] orig idx=320  surr MAE= 0.11%  best r=7  loss range [1.75e-06,2.37e-03]  max|Δu|=0.98  (198s)
  [18/20] orig idx=240  surr MAE= 1.29%  best r=5  loss range [3.16e-04,2.26e-03]  max|Δu|=0.85  (177s)
  [19/20] orig idx=  6  surr MAE= 0.09%  best r=4  loss range [2.29e-06,2.41e-04]  max|Δu|=0.98  (158s)
  [20/20] orig idx=396  surr MAE= 0.58%  best r=7  loss range [7.77e-05,6.01e-04]  max|Δu|=0.95  (276s)
[inverse A v8] wrote inverse_A_s123_m0_v8.npz  mean surr MAE 0.50% (range 0.09-1.29%)  total 3368s
