[inverse A v8] device=cuda  N=20 targets × 8 restarts  wl 400-1800 nm  parametrization=design box
  [ 1/20] orig idx=182  surr MAE= 0.77%  best r=6  loss range [3.18e-04,5.60e-04]  max|Δu|=0.79  (87s)
  [ 2/20] orig idx=366  surr MAE= 0.53%  best r=3  loss range [8.08e-05,5.85e-03]  max|Δu|=0.93  (108s)
  [ 3/20] orig idx=109  surr MAE= 0.47%  best r=7  loss range [5.42e-05,1.31e-03]  max|Δu|=0.93  (123s)
  [ 4/20] orig idx=437  surr MAE= 0.66%  best r=0  loss range [1.95e-04,6.10e-03]  max|Δu|=0.92  (87s)
  [ 5/20] orig idx=462  surr MAE= 0.35%  best r=0  loss range [1.77e-05,6.51e-04]  max|Δu|=0.92  (87s)
  [ 6/20] orig idx= 22  surr MAE= 1.07%  best r=7  loss range [1.58e-04,1.65e-03]  max|Δu|=0.87  (87s)
  [ 7/20] orig idx=316  surr MAE= 0.84%  best r=0  loss range [1.46e-04,6.95e-04]  max|Δu|=0.96  (87s)
  [ 8/20] orig idx=420  surr MAE= 0.15%  best r=0  loss range [5.37e-06,4.12e-04]  max|Δu|=0.95  (87s)
  [ 9/20] orig idx=459  surr MAE= 0.83%  best r=2  loss range [1.21e-04,2.67e-03]  max|Δu|=0.99  (87s)
  [10/20] orig idx= 97  surr MAE= 0.50%  best r=0  loss range [4.84e-05,5.34e-04]  max|Δu|=0.99  (87s)
  [11/20] orig idx=110  surr MAE= 0.43%  best r=4  loss range [3.93e-05,1.50e-04]  max|Δu|=0.91  (87s)
  [12/20] orig idx=272  surr MAE= 0.09%  best r=6  loss range [1.38e-06,3.58e-04]  max|Δu|=0.93  (93s)
  [13/20] orig idx= 35  surr MAE= 0.23%  best r=5  loss range [1.88e-05,2.50e-04]  max|Δu|=0.94  (105s)
  [14/20] orig idx=481  surr MAE= 0.15%  best r=2  loss range [3.94e-06,5.37e-04]  max|Δu|=0.91  (87s)
  [15/20] orig idx=237  surr MAE= 0.55%  best r=0  loss range [1.03e-04,4.95e-03]  max|Δu|=0.68  (87s)
  [16/20] orig idx= 41  surr MAE= 0.60%  best r=1  loss range [8.71e-05,1.23e-03]  max|Δu|=0.87  (87s)
  [17/20] orig idx=320  surr MAE= 0.12%  best r=1  loss range [2.51e-06,4.86e-03]  max|Δu|=0.88  (87s)
  [18/20] orig idx=240  surr MAE= 0.89%  best r=0  loss range [1.48e-04,2.57e-03]  max|Δu|=0.91  (87s)
  [19/20] orig idx=  6  surr MAE= 0.22%  best r=4  loss range [8.53e-06,9.08e-04]  max|Δu|=0.98  (87s)
  [20/20] orig idx=396  surr MAE= 0.17%  best r=7  loss range [1.25e-05,4.06e-04]  max|Δu|=0.91  (150s)
[inverse A v8] wrote inverse_A_s777_v8.npz  mean surr MAE 0.48% (range 0.09-1.07%)  total 1886s
