[inverse A v8] device=cuda  N=20 targets × 8 restarts  wl 400-1800 nm  parametrization=design box
  [ 1/20] orig idx=182  surr MAE= 0.75%  best r=5  loss range [3.01e-04,6.38e-04]  max|Δu|=0.87  (106s)
  [ 2/20] orig idx=366  surr MAE= 0.80%  best r=3  loss range [1.40e-04,6.37e-03]  max|Δu|=0.85  (106s)
  [ 3/20] orig idx=109  surr MAE= 0.47%  best r=2  loss range [4.87e-05,2.01e-03]  max|Δu|=0.93  (92s)
  [ 4/20] orig idx=437  surr MAE= 0.56%  best r=0  loss range [1.69e-04,1.04e-02]  max|Δu|=0.94  (106s)
  [ 5/20] orig idx=462  surr MAE= 0.33%  best r=6  loss range [2.36e-05,5.42e-04]  max|Δu|=0.92  (89s)
  [ 6/20] orig idx= 22  surr MAE= 0.61%  best r=2  loss range [5.01e-05,7.07e-04]  max|Δu|=1.00  (89s)
  [ 7/20] orig idx=316  surr MAE= 0.80%  best r=0  loss range [1.39e-04,2.03e-03]  max|Δu|=0.85  (89s)
  [ 8/20] orig idx=420  surr MAE= 0.16%  best r=0  loss range [3.49e-06,1.02e-04]  max|Δu|=0.82  (89s)
  [ 9/20] orig idx=459  surr MAE= 0.48%  best r=3  loss range [5.60e-05,1.59e-03]  max|Δu|=0.96  (89s)
  [10/20] orig idx= 97  surr MAE= 0.93%  best r=2  loss range [1.46e-04,6.21e-04]  max|Δu|=0.90  (89s)
  [11/20] orig idx=110  surr MAE= 0.31%  best r=3  loss range [1.89e-05,2.21e-04]  max|Δu|=0.84  (89s)
  [12/20] orig idx=272  surr MAE= 0.15%  best r=6  loss range [4.50e-06,3.03e-04]  max|Δu|=0.93  (89s)
  [13/20] orig idx= 35  surr MAE= 0.23%  best r=6  loss range [1.62e-05,1.63e-04]  max|Δu|=0.89  (88s)
  [14/20] orig idx=481  surr MAE= 0.12%  best r=2  loss range [2.45e-06,7.63e-04]  max|Δu|=0.93  (89s)
  [15/20] orig idx=237  surr MAE= 0.73%  best r=4  loss range [1.79e-04,3.10e-03]  max|Δu|=0.82  (89s)
  [16/20] orig idx= 41  surr MAE= 0.30%  best r=0  loss range [3.37e-05,5.37e-04]  max|Δu|=0.87  (88s)
  [17/20] orig idx=320  surr MAE= 0.20%  best r=1  loss range [6.87e-06,5.15e-03]  max|Δu|=0.92  (88s)
  [18/20] orig idx=240  surr MAE= 0.79%  best r=0  loss range [1.10e-04,3.16e-03]  max|Δu|=0.88  (88s)
  [19/20] orig idx=  6  surr MAE= 0.11%  best r=4  loss range [2.44e-06,1.12e-03]  max|Δu|=0.97  (89s)
  [20/20] orig idx=396  surr MAE= 0.34%  best r=7  loss range [3.34e-05,4.74e-04]  max|Δu|=0.87  (113s)
[inverse A v8] wrote inverse_A_v8.npz  mean surr MAE 0.46% (range 0.11-0.93%)  total 1856s
