[inverse A v8] device=cuda  N=20 targets × 8 restarts  wl 400-1800 nm  parametrization=design box
  [ 1/20] orig idx=182  surr MAE= 1.32%  best r=5  loss range [4.07e-04,8.53e-04]  max|Δu|=0.96  (134s)
  [ 2/20] orig idx=366  surr MAE= 0.60%  best r=7  loss range [9.33e-05,4.95e-03]  max|Δu|=0.95  (200s)
  [ 3/20] orig idx=109  surr MAE= 0.30%  best r=2  loss range [4.88e-05,1.80e-03]  max|Δu|=0.99  (280s)
  [ 4/20] orig idx=437  surr MAE= 0.76%  best r=0  loss range [1.78e-04,1.32e-02]  max|Δu|=0.97  (219s)
  [ 5/20] orig idx=462  surr MAE= 0.39%  best r=6  loss range [2.22e-05,2.81e-03]  max|Δu|=0.88  (96s)
  [ 6/20] orig idx= 22  surr MAE= 0.76%  best r=3  loss range [7.96e-05,8.38e-04]  max|Δu|=0.91  (265s)
  [ 7/20] orig idx=316  surr MAE= 1.05%  best r=0  loss range [2.06e-04,1.72e-03]  max|Δu|=0.83  (196s)
  [ 8/20] orig idx=420  surr MAE= 0.06%  best r=0  loss range [7.42e-07,9.19e-04]  max|Δu|=0.86  (111s)
  [ 9/20] orig idx=459  surr MAE= 0.68%  best r=2  loss range [1.13e-04,3.90e-03]  max|Δu|=0.96  (188s)
  [10/20] orig idx= 97  surr MAE= 0.38%  best r=1  loss range [2.77e-05,1.23e-03]  max|Δu|=0.95  (194s)
  [11/20] orig idx=110  surr MAE= 0.30%  best r=3  loss range [2.91e-05,8.55e-04]  max|Δu|=0.75  (221s)
  [12/20] orig idx=272  surr MAE= 0.20%  best r=0  loss range [9.75e-06,2.82e-04]  max|Δu|=0.96  (173s)
  [13/20] orig idx= 35  surr MAE= 0.32%  best r=4  loss range [1.76e-05,1.58e-02]  max|Δu|=0.84  (248s)
  [14/20] orig idx=481  surr MAE= 0.13%  best r=2  loss range [2.85e-06,2.26e-04]  max|Δu|=0.85  (261s)
  [15/20] orig idx=237  surr MAE= 0.96%  best r=4  loss range [2.47e-04,3.14e-03]  max|Δu|=0.77  (124s)
  [16/20] orig idx= 41  surr MAE= 0.59%  best r=1  loss range [6.82e-05,2.12e-03]  max|Δu|=0.73  (141s)
  [17/20] orig idx=320  surr MAE= 0.11%  best r=7  loss range [1.87e-06,2.84e-03]  max|Δu|=0.98  (200s)
  [18/20] orig idx=240  surr MAE= 1.00%  best r=5  loss range [1.86e-04,2.36e-03]  max|Δu|=0.96  (159s)
  [19/20] orig idx=  6  surr MAE= 0.20%  best r=7  loss range [7.07e-06,8.68e-04]  max|Δu|=0.86  (156s)
  [20/20] orig idx=396  surr MAE= 0.40%  best r=7  loss range [2.98e-05,8.59e-04]  max|Δu|=0.99  (95s)
[inverse A v8] wrote inverse_A_s777_m0_v8.npz  mean surr MAE 0.53% (range 0.06-1.32%)  total 3660s
