[inverse B v8] device=cuda  N=20 targets × 8 restarts  wl 400-1800 nm  parametrization=design box
  [ 1/20] orig idx=182  surr MAE= 0.15%  best r=1  loss range [4.16e-06,4.78e-03]  max|Δu|=0.89  (111s)
  [ 2/20] orig idx=366  surr MAE= 0.75%  best r=0  loss range [1.07e-04,3.30e-04]  max|Δu|=0.82  (107s)
  [ 3/20] orig idx=109  surr MAE= 0.27%  best r=6  loss range [3.92e-05,1.73e-03]  max|Δu|=0.91  (233s)
  [ 4/20] orig idx=438  surr MAE= 0.48%  best r=1  loss range [3.99e-05,6.66e-04]  max|Δu|=0.88  (77s)
  [ 5/20] orig idx=462  surr MAE= 0.57%  best r=3  loss range [8.82e-05,2.45e-03]  max|Δu|=0.88  (118s)
  [ 6/20] orig idx= 22  surr MAE= 0.48%  best r=5  loss range [1.03e-04,2.56e-04]  max|Δu|=0.98  (94s)
  [ 7/20] orig idx=316  surr MAE= 0.46%  best r=7  loss range [3.18e-05,2.44e-04]  max|Δu|=0.95  (253s)
  [ 8/20] orig idx=421  surr MAE= 0.76%  best r=0  loss range [2.25e-04,5.05e-03]  max|Δu|=0.90  (112s)
  [ 9/20] orig idx=459  surr MAE= 1.14%  best r=5  loss range [2.91e-04,6.41e-04]  max|Δu|=0.96  (169s)
  [10/20] orig idx= 97  surr MAE= 0.38%  best r=2  loss range [4.81e-05,1.66e-03]  max|Δu|=0.97  (208s)
  [11/20] orig idx=110  surr MAE= 1.23%  best r=6  loss range [6.30e-04,2.60e-02]  max|Δu|=0.80  (66s)
  [12/20] orig idx=272  surr MAE= 0.20%  best r=4  loss range [1.07e-05,5.27e-05]  max|Δu|=0.79  (66s)
  [13/20] orig idx= 35  surr MAE= 0.38%  best r=0  loss range [2.59e-05,1.22e-03]  max|Δu|=0.87  (152s)
  [14/20] orig idx=480  surr MAE= 0.27%  best r=4  loss range [1.93e-05,9.22e-05]  max|Δu|=0.81  (250s)
  [15/20] orig idx=237  surr MAE= 0.39%  best r=0  loss range [2.41e-05,1.68e-04]  max|Δu|=0.93  (103s)
  [16/20] orig idx= 41  surr MAE= 0.38%  best r=7  loss range [6.03e-05,8.91e-05]  max|Δu|=0.86  (164s)
  [17/20] orig idx=320  surr MAE= 0.53%  best r=6  loss range [6.13e-05,2.83e-02]  max|Δu|=0.92  (185s)
  [18/20] orig idx=240  surr MAE= 0.18%  best r=7  loss range [8.74e-06,4.68e-05]  max|Δu|=0.81  (161s)
  [19/20] orig idx=  6  surr MAE= 0.24%  best r=2  loss range [1.55e-05,3.38e-03]  max|Δu|=0.79  (192s)
  [20/20] orig idx=397  surr MAE= 0.48%  best r=1  loss range [4.89e-05,1.54e-03]  max|Δu|=0.76  (171s)
[inverse B v8] wrote inverse_B_s123_m0_v8.npz  mean surr MAE 0.49% (range 0.15-1.23%)  total 2994s
