[inverse A v8] device=cuda  N=20 targets × 8 restarts  wl 400-1800 nm  parametrization=design box
  [ 1/20] orig idx=182  surr MAE= 0.58%  best r=6  loss range [3.37e-04,4.98e-04]  max|Δu|=0.84  (106s)
  [ 2/20] orig idx=366  surr MAE= 0.90%  best r=7  loss range [1.26e-04,5.44e-03]  max|Δu|=0.92  (107s)
  [ 3/20] orig idx=109  surr MAE= 0.45%  best r=7  loss range [4.61e-05,1.12e-03]  max|Δu|=0.93  (92s)
  [ 4/20] orig idx=437  surr MAE= 0.76%  best r=4  loss range [2.19e-04,5.76e-03]  max|Δu|=0.95  (106s)
  [ 5/20] orig idx=462  surr MAE= 0.35%  best r=6  loss range [1.57e-05,4.06e-04]  max|Δu|=0.84  (89s)
  [ 6/20] orig idx= 22  surr MAE= 0.35%  best r=2  loss range [2.79e-05,8.63e-04]  max|Δu|=0.95  (89s)
  [ 7/20] orig idx=316  surr MAE= 0.71%  best r=0  loss range [1.24e-04,2.14e-03]  max|Δu|=0.83  (89s)
  [ 8/20] orig idx=420  surr MAE= 0.11%  best r=4  loss range [1.89e-06,3.40e-04]  max|Δu|=0.68  (89s)
  [ 9/20] orig idx=459  surr MAE= 0.84%  best r=2  loss range [1.57e-04,1.60e-03]  max|Δu|=0.90  (89s)
  [10/20] orig idx= 97  surr MAE= 0.47%  best r=0  loss range [3.73e-05,6.86e-04]  max|Δu|=0.96  (89s)
  [11/20] orig idx=110  surr MAE= 0.29%  best r=4  loss range [1.41e-05,5.92e-04]  max|Δu|=0.84  (89s)
  [12/20] orig idx=272  surr MAE= 0.13%  best r=6  loss range [4.74e-06,3.94e-04]  max|Δu|=0.86  (89s)
  [13/20] orig idx= 35  surr MAE= 0.20%  best r=7  loss range [1.16e-05,7.12e-05]  max|Δu|=0.94  (88s)
  [14/20] orig idx=481  surr MAE= 0.06%  best r=2  loss range [7.45e-07,5.30e-04]  max|Δu|=0.86  (89s)
  [15/20] orig idx=237  surr MAE= 1.28%  best r=4  loss range [2.59e-04,2.42e-03]  max|Δu|=0.78  (89s)
  [16/20] orig idx= 41  surr MAE= 0.54%  best r=0  loss range [9.44e-05,1.00e-03]  max|Δu|=0.90  (88s)
  [17/20] orig idx=320  surr MAE= 0.17%  best r=0  loss range [6.01e-06,4.38e-03]  max|Δu|=0.79  (88s)
  [18/20] orig idx=240  surr MAE= 1.04%  best r=0  loss range [1.92e-04,3.68e-03]  max|Δu|=0.88  (88s)
  [19/20] orig idx=  6  surr MAE= 0.12%  best r=4  loss range [3.42e-06,3.96e-04]  max|Δu|=0.98  (89s)
  [20/20] orig idx=396  surr MAE= 0.34%  best r=7  loss range [2.25e-05,3.31e-04]  max|Δu|=0.95  (113s)
[inverse A v8] wrote inverse_A_s123_v8.npz  mean surr MAE 0.48% (range 0.06-1.28%)  total 1856s
