[inverse C v8] device=cuda  N=20 targets × 8 restarts  wl 400-1800 nm  parametrization=design box
  [ 1/20] orig idx=187  surr MAE= 1.02%  best r=6  loss range [2.29e-04,3.55e-03]  max|Δu|=0.96  (84s)
  [ 2/20] orig idx=376  surr MAE= 0.82%  best r=2  loss range [1.59e-04,2.20e-03]  max|Δu|=0.96  (98s)
  [ 3/20] orig idx=325  surr MAE= 1.01%  best r=2  loss range [1.67e-04,3.49e-03]  max|Δu|=0.98  (126s)
  [ 4/20] orig idx=449  surr MAE= 0.94%  best r=1  loss range [2.25e-04,1.31e-02]  max|Δu|=0.84  (84s)
  [ 5/20] orig idx=474  surr MAE= 0.34%  best r=7  loss range [2.86e-05,8.85e-03]  max|Δu|=0.67  (84s)
  [ 6/20] orig idx= 24  surr MAE= 0.96%  best r=5  loss range [2.07e-04,5.69e-04]  max|Δu|=0.85  (84s)
  [ 7/20] orig idx=443  surr MAE= 1.69%  best r=2  loss range [6.97e-04,4.70e-03]  max|Δu|=0.91  (84s)
  [ 8/20] orig idx= 25  surr MAE= 3.10%  best r=7  loss range [2.12e-03,9.15e-03]  max|Δu|=0.96  (84s)
  [ 9/20] orig idx=471  surr MAE= 0.24%  best r=6  loss range [1.10e-05,4.35e-03]  max|Δu|=0.93  (83s)
  [10/20] orig idx= 99  surr MAE= 0.50%  best r=2  loss range [6.77e-05,1.25e-02]  max|Δu|=0.97  (84s)
  [11/20] orig idx=112  surr MAE= 1.00%  best r=7  loss range [1.95e-04,3.90e-03]  max|Δu|=0.72  (84s)
  [12/20] orig idx=431  surr MAE= 1.19%  best r=1  loss range [2.30e-04,2.30e-04]  max|Δu|=0.84  (84s)
  [13/20] orig idx= 37  surr MAE= 1.39%  best r=6  loss range [3.58e-04,2.04e-03]  max|Δu|=0.78  (96s)
  [14/20] orig idx=481  surr MAE= 1.30%  best r=7  loss range [3.49e-04,2.96e-03]  max|Δu|=0.88  (96s)
  [15/20] orig idx=244  surr MAE= 1.43%  best r=0  loss range [3.52e-04,2.61e-03]  max|Δu|=0.89  (84s)
  [16/20] orig idx= 43  surr MAE= 0.14%  best r=6  loss range [4.31e-06,3.41e-03]  max|Δu|=0.85  (84s)
  [17/20] orig idx=329  surr MAE= 0.17%  best r=5  loss range [7.64e-06,5.61e-04]  max|Δu|=0.89  (84s)
  [18/20] orig idx=247  surr MAE= 4.63%  best r=4  loss range [5.42e-03,1.20e-02]  max|Δu|=0.85  (83s)
  [19/20] orig idx=  6  surr MAE= 1.43%  best r=4  loss range [7.42e-04,3.32e-03]  max|Δu|=0.98  (84s)
  [20/20] orig idx=406  surr MAE= 1.99%  best r=6  loss range [8.66e-04,1.45e-02]  max|Δu|=0.89  (84s)
[inverse C v8] wrote inverse_C_s123_v8.npz  mean surr MAE 1.27% (range 0.14-4.63%)  total 1754s
