[inverse B v8] device=cuda  N=20 targets × 8 restarts  wl 400-1800 nm  parametrization=design box
  [ 1/20] orig idx=182  surr MAE= 0.24%  best r=7  loss range [8.53e-06,1.61e-02]  max|Δu|=0.89  (144s)
  [ 2/20] orig idx=366  surr MAE= 0.49%  best r=5  loss range [6.74e-05,2.33e-04]  max|Δu|=0.82  (100s)
  [ 3/20] orig idx=109  surr MAE= 0.33%  best r=6  loss range [5.13e-05,4.63e-03]  max|Δu|=0.97  (103s)
  [ 4/20] orig idx=438  surr MAE= 0.57%  best r=7  loss range [7.73e-05,5.43e-04]  max|Δu|=0.77  (75s)
  [ 5/20] orig idx=462  surr MAE= 1.01%  best r=4  loss range [1.93e-04,1.14e-03]  max|Δu|=0.93  (108s)
  [ 6/20] orig idx= 22  surr MAE= 0.40%  best r=0  loss range [5.37e-05,9.77e-03]  max|Δu|=1.00  (73s)
  [ 7/20] orig idx=316  surr MAE= 0.13%  best r=0  loss range [8.27e-06,3.75e-04]  max|Δu|=0.83  (109s)
  [ 8/20] orig idx=421  surr MAE= 1.00%  best r=5  loss range [2.94e-04,1.51e-02]  max|Δu|=0.93  (93s)
  [ 9/20] orig idx=459  surr MAE= 1.39%  best r=5  loss range [3.57e-04,9.44e-03]  max|Δu|=0.98  (73s)
  [10/20] orig idx= 97  surr MAE= 0.86%  best r=4  loss range [1.11e-04,2.48e-03]  max|Δu|=1.00  (73s)
  [11/20] orig idx=110  surr MAE= 1.03%  best r=4  loss range [4.96e-04,2.55e-02]  max|Δu|=0.85  (73s)
  [12/20] orig idx=272  surr MAE= 0.26%  best r=7  loss range [1.87e-05,7.93e-05]  max|Δu|=0.96  (73s)
  [13/20] orig idx= 35  surr MAE= 0.42%  best r=3  loss range [3.28e-05,1.21e-03]  max|Δu|=0.87  (73s)
  [14/20] orig idx=480  surr MAE= 0.18%  best r=1  loss range [6.85e-06,1.09e-04]  max|Δu|=0.82  (73s)
  [15/20] orig idx=237  surr MAE= 0.48%  best r=4  loss range [3.82e-05,3.63e-04]  max|Δu|=0.97  (73s)
  [16/20] orig idx= 41  surr MAE= 0.73%  best r=2  loss range [1.02e-04,9.42e-04]  max|Δu|=0.86  (73s)
  [17/20] orig idx=320  surr MAE= 0.40%  best r=4  loss range [4.20e-05,3.23e-02]  max|Δu|=0.95  (73s)
  [18/20] orig idx=240  surr MAE= 0.09%  best r=4  loss range [2.84e-06,1.67e-03]  max|Δu|=0.91  (73s)
  [19/20] orig idx=  6  surr MAE= 0.32%  best r=0  loss range [1.76e-05,1.28e-02]  max|Δu|=0.83  (73s)
  [20/20] orig idx=397  surr MAE= 0.44%  best r=5  loss range [4.54e-05,8.56e-05]  max|Δu|=0.74  (73s)
[inverse B v8] wrote inverse_B_s777_v8.npz  mean surr MAE 0.54% (range 0.09-1.39%)  total 1683s
