[inverse B v8] device=cuda  N=20 targets × 8 restarts  wl 400-1800 nm  parametrization=design box
  [ 1/20] orig idx=182  surr MAE= 0.21%  best r=6  loss range [7.62e-06,3.32e-03]  max|Δu|=0.89  (74s)
  [ 2/20] orig idx=366  surr MAE= 0.51%  best r=6  loss range [6.21e-05,1.96e-04]  max|Δu|=0.95  (169s)
  [ 3/20] orig idx=109  surr MAE= 0.29%  best r=2  loss range [3.78e-05,1.02e-03]  max|Δu|=0.93  (84s)
  [ 4/20] orig idx=438  surr MAE= 0.32%  best r=5  loss range [2.93e-05,3.89e-04]  max|Δu|=0.78  (67s)
  [ 5/20] orig idx=462  surr MAE= 0.38%  best r=6  loss range [3.34e-05,1.37e-03]  max|Δu|=0.90  (168s)
  [ 6/20] orig idx= 22  surr MAE= 0.71%  best r=1  loss range [1.22e-04,6.00e-03]  max|Δu|=1.00  (163s)
  [ 7/20] orig idx=316  surr MAE= 0.18%  best r=7  loss range [6.05e-06,1.84e-04]  max|Δu|=0.77  (251s)
  [ 8/20] orig idx=421  surr MAE= 0.91%  best r=5  loss range [2.56e-04,3.98e-03]  max|Δu|=0.83  (139s)
  [ 9/20] orig idx=459  surr MAE= 1.04%  best r=4  loss range [3.28e-04,1.35e-03]  max|Δu|=0.80  (153s)
  [10/20] orig idx= 97  surr MAE= 0.42%  best r=5  loss range [4.61e-05,6.19e-04]  max|Δu|=0.96  (184s)
  [11/20] orig idx=110  surr MAE= 1.08%  best r=4  loss range [7.27e-04,2.84e-02]  max|Δu|=0.69  (260s)
  [12/20] orig idx=272  surr MAE= 0.23%  best r=6  loss range [1.64e-05,3.84e-05]  max|Δu|=0.84  (208s)
  [13/20] orig idx= 35  surr MAE= 0.30%  best r=7  loss range [2.30e-05,5.66e-04]  max|Δu|=0.88  (159s)
  [14/20] orig idx=480  surr MAE= 0.27%  best r=6  loss range [1.06e-05,6.94e-05]  max|Δu|=0.82  (95s)
  [15/20] orig idx=237  surr MAE= 0.26%  best r=7  loss range [1.13e-05,3.34e-03]  max|Δu|=0.94  (170s)
  [16/20] orig idx= 41  surr MAE= 0.47%  best r=0  loss range [7.45e-05,9.89e-05]  max|Δu|=0.80  (98s)
  [17/20] orig idx=320  surr MAE= 0.51%  best r=6  loss range [7.02e-05,4.06e-02]  max|Δu|=0.92  (72s)
  [18/20] orig idx=240  surr MAE= 0.19%  best r=6  loss range [6.68e-06,1.78e-05]  max|Δu|=0.82  (135s)
  [19/20] orig idx=  6  surr MAE= 0.30%  best r=2  loss range [2.67e-05,1.14e-04]  max|Δu|=0.97  (165s)
  [20/20] orig idx=397  surr MAE= 0.43%  best r=1  loss range [3.10e-05,6.95e-04]  max|Δu|=0.86  (118s)
[inverse B v8] wrote inverse_B_s777_m0_v8.npz  mean surr MAE 0.45% (range 0.18-1.08%)  total 2934s
