[inverse B v8] device=cuda  N=20 targets × 8 restarts  wl 400-1800 nm  parametrization=feasible (nested box)
  [ 1/20] orig idx=182  surr MAE= 0.19%  best r=3  loss range [8.22e-06,1.61e-02]  max|Δu|=0.84  (251s)
  [ 2/20] orig idx=366  surr MAE= 0.56%  best r=0  loss range [9.49e-05,1.38e-04]  max|Δu|=0.99  (163s)
  [ 3/20] orig idx=109  surr MAE= 0.47%  best r=6  loss range [5.36e-05,5.02e-03]  max|Δu|=0.97  (89s)
  [ 4/20] orig idx=438  surr MAE= 0.54%  best r=1  loss range [5.01e-05,2.35e-04]  max|Δu|=0.79  (67s)
  [ 5/20] orig idx=462  surr MAE= 0.97%  best r=6  loss range [3.42e-04,4.06e-03]  max|Δu|=0.94  (151s)
  [ 6/20] orig idx= 22  surr MAE= 0.58%  best r=0  loss range [1.05e-04,7.82e-03]  max|Δu|=1.00  (141s)
  [ 7/20] orig idx=316  surr MAE= 0.24%  best r=5  loss range [1.49e-05,3.11e-04]  max|Δu|=0.91  (236s)
  [ 8/20] orig idx=421  surr MAE= 0.84%  best r=6  loss range [2.05e-04,3.64e-04]  max|Δu|=0.86  (207s)
  [ 9/20] orig idx=459  surr MAE= 1.30%  best r=0  loss range [3.50e-04,5.22e-04]  max|Δu|=0.87  (151s)
  [10/20] orig idx= 97  surr MAE= 0.66%  best r=7  loss range [1.06e-04,2.78e-03]  max|Δu|=1.00  (225s)
  [11/20] orig idx=110  surr MAE= 0.81%  best r=6  loss range [6.09e-04,3.00e-02]  max|Δu|=0.99  (88s)
  [12/20] orig idx=272  surr MAE= 0.21%  best r=5  loss range [9.60e-06,5.53e-05]  max|Δu|=0.85  (70s)
  [13/20] orig idx= 35  surr MAE= 0.38%  best r=3  loss range [3.05e-05,9.28e-04]  max|Δu|=0.97  (67s)
  [14/20] orig idx=480  surr MAE= 0.38%  best r=1  loss range [3.35e-05,1.34e-03]  max|Δu|=0.86  (67s)
  [15/20] orig idx=237  surr MAE= 0.30%  best r=7  loss range [1.54e-05,3.67e-04]  max|Δu|=0.97  (103s)
  [16/20] orig idx= 41  surr MAE= 0.42%  best r=2  loss range [6.12e-05,9.75e-05]  max|Δu|=0.85  (129s)
  [17/20] orig idx=320  surr MAE= 0.60%  best r=3  loss range [1.26e-04,3.69e-02]  max|Δu|=0.99  (186s)
  [18/20] orig idx=240  surr MAE= 0.16%  best r=7  loss range [5.00e-06,6.74e-05]  max|Δu|=0.84  (106s)
  [19/20] orig idx=  6  surr MAE= 0.21%  best r=6  loss range [1.06e-05,1.92e-03]  max|Δu|=0.88  (265s)
  [20/20] orig idx=397  surr MAE= 0.51%  best r=5  loss range [4.81e-05,5.45e-05]  max|Δu|=0.76  (251s)
[inverse B v8] wrote inverse_B_s123_feas_v8.npz  mean surr MAE 0.52% (range 0.16-1.30%)  total 3014s
