[inverse B v8] device=cuda  N=20 targets × 8 restarts  wl 400-1800 nm  parametrization=design box
  [ 1/20] orig idx=182  surr MAE= 0.23%  best r=5  loss range [1.06e-05,1.53e-02]  max|Δu|=0.96  (102s)
  [ 2/20] orig idx=366  surr MAE= 0.56%  best r=5  loss range [9.49e-05,2.22e-04]  max|Δu|=0.88  (87s)
  [ 3/20] orig idx=109  surr MAE= 0.34%  best r=6  loss range [4.34e-05,4.32e-03]  max|Δu|=0.98  (108s)
  [ 4/20] orig idx=438  surr MAE= 0.43%  best r=4  loss range [5.48e-05,1.31e-04]  max|Δu|=0.78  (119s)
  [ 5/20] orig idx=462  surr MAE= 1.27%  best r=2  loss range [2.65e-04,3.33e-03]  max|Δu|=0.99  (87s)
  [ 6/20] orig idx= 22  surr MAE= 0.57%  best r=5  loss range [1.69e-04,3.60e-03]  max|Δu|=1.00  (87s)
  [ 7/20] orig idx=316  surr MAE= 0.22%  best r=0  loss range [1.35e-05,3.29e-04]  max|Δu|=0.80  (88s)
  [ 8/20] orig idx=421  surr MAE= 0.92%  best r=5  loss range [2.32e-04,5.51e-03]  max|Δu|=0.90  (87s)
  [ 9/20] orig idx=459  surr MAE= 1.30%  best r=5  loss range [3.50e-04,1.48e-03]  max|Δu|=0.91  (87s)
  [10/20] orig idx= 97  surr MAE= 0.69%  best r=1  loss range [1.06e-04,2.66e-03]  max|Δu|=0.89  (88s)
  [11/20] orig idx=110  surr MAE= 0.93%  best r=6  loss range [6.52e-04,3.05e-02]  max|Δu|=0.99  (87s)
  [12/20] orig idx=272  surr MAE= 0.21%  best r=2  loss range [9.61e-06,8.29e-05]  max|Δu|=0.76  (88s)
  [13/20] orig idx= 35  surr MAE= 0.40%  best r=7  loss range [3.27e-05,9.58e-04]  max|Δu|=0.87  (93s)
  [14/20] orig idx=480  surr MAE= 0.59%  best r=6  loss range [5.97e-05,2.36e-04]  max|Δu|=0.91  (104s)
  [15/20] orig idx=237  surr MAE= 0.24%  best r=7  loss range [1.10e-05,8.99e-04]  max|Δu|=1.00  (88s)
  [16/20] orig idx= 41  surr MAE= 0.41%  best r=6  loss range [6.15e-05,1.12e-04]  max|Δu|=0.99  (88s)
  [17/20] orig idx=320  surr MAE= 0.74%  best r=3  loss range [1.24e-04,3.41e-02]  max|Δu|=0.99  (88s)
  [18/20] orig idx=240  surr MAE= 0.33%  best r=7  loss range [1.68e-05,1.10e-04]  max|Δu|=0.85  (87s)
  [19/20] orig idx=  6  surr MAE= 0.25%  best r=2  loss range [1.94e-05,1.67e-03]  max|Δu|=0.83  (87s)
  [20/20] orig idx=397  surr MAE= 0.67%  best r=1  loss range [6.59e-05,3.12e-04]  max|Δu|=0.90  (88s)
[inverse B v8] wrote inverse_B_s123_v8.npz  mean surr MAE 0.56% (range 0.21-1.30%)  total 1839s
