[inverse C v8] device=cuda  N=20 targets × 8 restarts  wl 400-1800 nm  parametrization=design box
  [ 1/20] orig idx=187  surr MAE= 1.58%  best r=1  loss range [5.30e-04,3.92e-03]  max|Δu|=0.96  (102s)
  [ 2/20] orig idx=376  surr MAE= 0.96%  best r=1  loss range [2.00e-04,3.65e-03]  max|Δu|=0.96  (89s)
  [ 3/20] orig idx=325  surr MAE= 1.05%  best r=1  loss range [2.18e-04,2.84e-03]  max|Δu|=0.98  (100s)
  [ 4/20] orig idx=449  surr MAE= 1.14%  best r=1  loss range [2.52e-04,1.30e-02]  max|Δu|=0.84  (87s)
  [ 5/20] orig idx=474  surr MAE= 0.31%  best r=7  loss range [2.59e-05,7.94e-03]  max|Δu|=0.77  (101s)
  [ 6/20] orig idx= 24  surr MAE= 0.76%  best r=6  loss range [1.66e-04,1.37e-03]  max|Δu|=0.92  (85s)
  [ 7/20] orig idx=443  surr MAE= 2.58%  best r=4  loss range [1.08e-03,5.39e-03]  max|Δu|=0.92  (85s)
  [ 8/20] orig idx= 25  surr MAE= 2.73%  best r=6  loss range [1.81e-03,1.02e-02]  max|Δu|=0.99  (85s)
  [ 9/20] orig idx=471  surr MAE= 0.28%  best r=6  loss range [1.14e-05,6.05e-03]  max|Δu|=0.68  (85s)
  [10/20] orig idx= 99  surr MAE= 0.78%  best r=2  loss range [1.12e-04,1.14e-02]  max|Δu|=0.97  (85s)
  [11/20] orig idx=112  surr MAE= 1.13%  best r=4  loss range [3.01e-04,5.44e-03]  max|Δu|=0.78  (85s)
  [12/20] orig idx=431  surr MAE= 1.39%  best r=0  loss range [2.84e-04,1.55e-03]  max|Δu|=0.81  (85s)
  [13/20] orig idx= 37  surr MAE= 1.25%  best r=7  loss range [3.49e-04,3.74e-03]  max|Δu|=0.78  (85s)
  [14/20] orig idx=481  surr MAE= 1.15%  best r=2  loss range [2.79e-04,2.73e-03]  max|Δu|=0.73  (84s)
  [15/20] orig idx=244  surr MAE= 1.57%  best r=2  loss range [4.46e-04,2.01e-03]  max|Δu|=0.83  (84s)
  [16/20] orig idx= 43  surr MAE= 0.16%  best r=6  loss range [6.13e-06,6.30e-03]  max|Δu|=0.97  (85s)
  [17/20] orig idx=329  surr MAE= 0.14%  best r=6  loss range [5.73e-06,9.30e-03]  max|Δu|=0.77  (84s)
  [18/20] orig idx=247  surr MAE= 3.85%  best r=2  loss range [5.91e-03,1.16e-02]  max|Δu|=0.84  (84s)
  [19/20] orig idx=  6  surr MAE= 1.36%  best r=7  loss range [5.47e-04,5.33e-03]  max|Δu|=0.93  (85s)
  [20/20] orig idx=406  surr MAE= 2.07%  best r=6  loss range [1.18e-03,1.13e-02]  max|Δu|=0.85  (85s)
[inverse C v8] wrote inverse_C_v8.npz  mean surr MAE 1.31% (range 0.14-3.85%)  total 1747s
