[inverse C v8] device=cuda  N=20 targets × 8 restarts  wl 400-1800 nm  parametrization=feasible (nested box)
  [ 1/20] orig idx=187  surr MAE= 1.02%  best r=7  loss range [2.29e-04,1.05e-03]  max|Δu|=0.96  (182s)
  [ 2/20] orig idx=376  surr MAE= 0.82%  best r=0  loss range [1.59e-04,2.28e-03]  max|Δu|=0.96  (193s)
  [ 3/20] orig idx=325  surr MAE= 1.01%  best r=1  loss range [1.67e-04,4.99e-03]  max|Δu|=0.93  (80s)
  [ 4/20] orig idx=449  surr MAE= 0.94%  best r=1  loss range [2.25e-04,1.31e-02]  max|Δu|=0.95  (207s)
  [ 5/20] orig idx=474  surr MAE= 0.38%  best r=1  loss range [3.21e-05,1.19e-02]  max|Δu|=0.91  (125s)
  [ 6/20] orig idx= 24  surr MAE= 0.96%  best r=2  loss range [2.07e-04,1.04e-03]  max|Δu|=0.85  (78s)
  [ 7/20] orig idx=443  surr MAE= 1.69%  best r=3  loss range [6.97e-04,6.56e-03]  max|Δu|=0.93  (191s)
  [ 8/20] orig idx= 25  surr MAE= 3.10%  best r=0  loss range [2.12e-03,1.08e-02]  max|Δu|=0.79  (212s)
  [ 9/20] orig idx=471  surr MAE= 0.24%  best r=6  loss range [1.10e-05,5.18e-03]  max|Δu|=0.93  (273s)
  [10/20] orig idx= 99  surr MAE= 0.50%  best r=4  loss range [6.77e-05,2.11e-03]  max|Δu|=0.90  (184s)
  [11/20] orig idx=112  surr MAE= 1.00%  best r=4  loss range [1.95e-04,4.68e-03]  max|Δu|=0.69  (126s)
  [12/20] orig idx=431  surr MAE= 1.19%  best r=3  loss range [2.30e-04,2.30e-04]  max|Δu|=0.84  (133s)
  [13/20] orig idx= 37  surr MAE= 1.39%  best r=1  loss range [3.58e-04,2.87e-03]  max|Δu|=0.62  (89s)
  [14/20] orig idx=481  surr MAE= 1.30%  best r=2  loss range [3.49e-04,2.96e-03]  max|Δu|=0.88  (273s)
  [15/20] orig idx=244  surr MAE= 1.43%  best r=1  loss range [3.52e-04,2.48e-03]  max|Δu|=0.77  (270s)
  [16/20] orig idx= 43  surr MAE= 0.15%  best r=6  loss range [4.02e-06,7.93e-03]  max|Δu|=0.87  (160s)
  [17/20] orig idx=329  surr MAE= 0.20%  best r=3  loss range [1.03e-05,5.53e-03]  max|Δu|=1.00  (260s)
  [18/20] orig idx=247  surr MAE= 4.63%  best r=5  loss range [5.42e-03,1.18e-02]  max|Δu|=0.84  (215s)
  [19/20] orig idx=  6  surr MAE= 1.43%  best r=0  loss range [7.42e-04,4.78e-03]  max|Δu|=0.98  (256s)
  [20/20] orig idx=406  surr MAE= 1.99%  best r=6  loss range [8.66e-04,1.21e-02]  max|Δu|=0.85  (210s)
[inverse C v8] wrote inverse_C_s123_feas_v8.npz  mean surr MAE 1.27% (range 0.15-4.63%)  total 3719s
