[inverse A v8] device=cuda  N=20 targets × 8 restarts  wl 400-1800 nm  parametrization=feasible (nested box)
  [ 1/20] orig idx=182  surr MAE= 1.09%  best r=5  loss range [3.60e-04,6.85e-04]  max|Δu|=0.81  (194s)
  [ 2/20] orig idx=366  surr MAE= 0.99%  best r=4  loss range [1.55e-04,5.44e-03]  max|Δu|=0.99  (229s)
  [ 3/20] orig idx=109  surr MAE= 0.43%  best r=2  loss range [5.08e-05,1.22e-03]  max|Δu|=0.93  (121s)
  [ 4/20] orig idx=437  surr MAE= 0.81%  best r=0  loss range [1.58e-04,4.06e-03]  max|Δu|=0.99  (151s)
  [ 5/20] orig idx=462  surr MAE= 0.60%  best r=4  loss range [5.53e-05,4.06e-04]  max|Δu|=0.81  (108s)
  [ 6/20] orig idx= 22  surr MAE= 0.29%  best r=7  loss range [1.95e-05,1.07e-03]  max|Δu|=0.95  (82s)
  [ 7/20] orig idx=316  surr MAE= 0.71%  best r=0  loss range [1.24e-04,5.26e-04]  max|Δu|=0.82  (117s)
  [ 8/20] orig idx=420  surr MAE= 0.18%  best r=2  loss range [4.97e-06,5.18e-03]  max|Δu|=0.90  (278s)
  [ 9/20] orig idx=459  surr MAE= 0.80%  best r=2  loss range [1.49e-04,2.83e-03]  max|Δu|=0.88  (243s)
  [10/20] orig idx= 97  surr MAE= 0.59%  best r=4  loss range [5.50e-05,8.95e-04]  max|Δu|=0.79  (166s)
  [11/20] orig idx=110  surr MAE= 0.20%  best r=6  loss range [1.21e-05,5.95e-04]  max|Δu|=0.87  (188s)
  [12/20] orig idx=272  surr MAE= 0.21%  best r=7  loss range [6.83e-06,3.72e-04]  max|Δu|=0.96  (162s)
  [13/20] orig idx= 35  surr MAE= 0.23%  best r=5  loss range [2.06e-05,3.14e-02]  max|Δu|=0.99  (235s)
  [14/20] orig idx=481  surr MAE= 0.11%  best r=2  loss range [2.71e-06,1.01e-02]  max|Δu|=0.86  (244s)
  [15/20] orig idx=237  surr MAE= 1.27%  best r=0  loss range [2.75e-04,4.58e-03]  max|Δu|=0.89  (233s)
  [16/20] orig idx= 41  surr MAE= 0.54%  best r=1  loss range [9.40e-05,1.41e-03]  max|Δu|=0.90  (153s)
  [17/20] orig idx=320  surr MAE= 0.10%  best r=6  loss range [2.18e-06,4.51e-03]  max|Δu|=0.89  (246s)
  [18/20] orig idx=240  surr MAE= 1.04%  best r=1  loss range [1.92e-04,2.09e-04]  max|Δu|=0.89  (254s)
  [19/20] orig idx=  6  surr MAE= 0.22%  best r=3  loss range [6.96e-06,3.96e-04]  max|Δu|=0.98  (266s)
  [20/20] orig idx=396  surr MAE= 0.35%  best r=7  loss range [3.83e-05,3.75e-04]  max|Δu|=0.98  (133s)
[inverse A v8] wrote inverse_A_s123_feas_v8.npz  mean surr MAE 0.54% (range 0.10-1.27%)  total 3803s
