[inverse C v8] device=cuda  N=20 targets × 8 restarts  wl 400-1800 nm  parametrization=feasible (nested box)
  [ 1/20] orig idx=187  surr MAE= 0.91%  best r=3  loss range [1.82e-04,1.82e-04]  max|Δu|=0.95  (134s)
  [ 2/20] orig idx=376  surr MAE= 0.90%  best r=6  loss range [2.04e-04,1.65e-03]  max|Δu|=0.96  (194s)
  [ 3/20] orig idx=325  surr MAE= 0.76%  best r=0  loss range [1.51e-04,4.28e-03]  max|Δu|=0.71  (214s)
  [ 4/20] orig idx=449  surr MAE= 1.00%  best r=1  loss range [2.13e-04,1.32e-02]  max|Δu|=0.94  (213s)
  [ 5/20] orig idx=474  surr MAE= 0.62%  best r=1  loss range [7.62e-05,1.69e-02]  max|Δu|=0.81  (190s)
  [ 6/20] orig idx= 24  surr MAE= 0.87%  best r=6  loss range [1.49e-04,1.30e-03]  max|Δu|=0.96  (274s)
  [ 7/20] orig idx=443  surr MAE= 1.47%  best r=2  loss range [5.75e-04,5.55e-03]  max|Δu|=1.00  (273s)
  [ 8/20] orig idx= 25  surr MAE= 2.68%  best r=0  loss range [1.88e-03,9.78e-03]  max|Δu|=0.73  (262s)
  [ 9/20] orig idx=471  surr MAE= 0.25%  best r=6  loss range [1.33e-05,1.24e-02]  max|Δu|=0.80  (227s)
  [10/20] orig idx= 99  surr MAE= 0.66%  best r=0  loss range [8.71e-05,4.92e-03]  max|Δu|=0.97  (152s)
  [11/20] orig idx=112  surr MAE= 1.15%  best r=2  loss range [2.43e-04,5.23e-03]  max|Δu|=0.78  (78s)
  [12/20] orig idx=431  surr MAE= 1.17%  best r=2  loss range [2.45e-04,1.68e-03]  max|Δu|=0.87  (142s)
  [13/20] orig idx= 37  surr MAE= 1.03%  best r=0  loss range [2.42e-04,2.68e-03]  max|Δu|=0.79  (218s)
  [14/20] orig idx=481  surr MAE= 1.57%  best r=1  loss range [4.47e-04,2.11e-03]  max|Δu|=0.88  (257s)
  [15/20] orig idx=244  surr MAE= 1.34%  best r=1  loss range [3.96e-04,3.96e-03]  max|Δu|=0.94  (127s)
  [16/20] orig idx= 43  surr MAE= 1.32%  best r=6  loss range [2.38e-04,7.19e-03]  max|Δu|=0.88  (96s)
  [17/20] orig idx=329  surr MAE= 1.73%  best r=5  loss range [4.95e-04,1.48e-02]  max|Δu|=1.00  (219s)
  [18/20] orig idx=247  surr MAE= 3.72%  best r=2  loss range [4.79e-03,1.17e-02]  max|Δu|=0.89  (184s)
  [19/20] orig idx=  6  surr MAE= 1.27%  best r=6  loss range [4.93e-04,3.67e-03]  max|Δu|=0.89  (181s)
  [20/20] orig idx=406  surr MAE= 4.00%  best r=7  loss range [2.80e-03,1.17e-02]  max|Δu|=0.85  (187s)
[inverse C v8] wrote inverse_C_s777_feas_v8.npz  mean surr MAE 1.42% (range 0.25-4.00%)  total 3822s
