[inverse D v8] device=cuda  N=50 targets × 8 restarts  wl 400-1800 nm  parametrization=design box
  [ 1/50] orig idx=184  surr MAE= 1.14%  best r=1  loss range [3.47e-04,5.42e-04]  max|Δu|=0.97  (120s)
  [ 2/50] orig idx=372  surr MAE= 0.66%  best r=0  loss range [8.26e-05,4.89e-03]  max|Δu|=0.71  (51s)
  [ 3/50] orig idx=111  surr MAE= 1.04%  best r=0  loss range [1.44e-04,2.05e-02]  max|Δu|=0.78  (208s)
  [ 4/50] orig idx=443  surr MAE= 0.16%  best r=5  loss range [1.30e-05,5.51e-03]  max|Δu|=0.70  (169s)
  [ 5/50] orig idx=467  surr MAE= 1.09%  best r=0  loss range [2.50e-04,5.07e-03]  max|Δu|=0.87  (72s)
  [ 6/50] orig idx= 22  surr MAE= 0.51%  best r=3  loss range [6.66e-05,1.72e-03]  max|Δu|=0.91  (129s)
  [ 7/50] orig idx=322  surr MAE= 0.34%  best r=6  loss range [1.78e-05,2.31e-02]  max|Δu|=0.83  (80s)
  [ 8/50] orig idx=426  surr MAE= 0.78%  best r=2  loss range [1.25e-04,4.12e-03]  max|Δu|=0.57  (209s)
  [ 9/50] orig idx=464  surr MAE= 0.09%  best r=7  loss range [1.55e-06,8.18e-03]  max|Δu|=0.75  (182s)
  [10/50] orig idx= 98  surr MAE= 0.35%  best r=6  loss range [2.62e-05,7.67e-03]  max|Δu|=0.96  (71s)
  [11/50] orig idx=112  surr MAE= 0.32%  best r=7  loss range [2.63e-05,4.63e-03]  max|Δu|=0.79  (51s)
  [12/50] orig idx=277  surr MAE= 0.65%  best r=5  loss range [9.40e-05,1.68e-03]  max|Δu|=0.75  (142s)
  [13/50] orig idx= 35  surr MAE= 0.47%  best r=3  loss range [8.17e-05,1.62e-03]  max|Δu|=0.87  (140s)
  [14/50] orig idx=481  surr MAE= 0.77%  best r=5  loss range [1.40e-04,8.97e-03]  max|Δu|=0.91  (92s)
  [15/50] orig idx=240  surr MAE= 0.66%  best r=3  loss range [8.90e-05,5.10e-04]  max|Δu|=0.72  (160s)
  [16/50] orig idx= 41  surr MAE= 0.47%  best r=5  loss range [1.30e-04,3.89e-03]  max|Δu|=0.73  (231s)
  [17/50] orig idx=326  surr MAE= 1.07%  best r=0  loss range [4.20e-04,7.87e-04]  max|Δu|=0.80  (184s)
  [18/50] orig idx=243  surr MAE= 0.43%  best r=5  loss range [3.49e-05,6.79e-04]  max|Δu|=0.63  (152s)
  [19/50] orig idx=  6  surr MAE= 0.20%  best r=5  loss range [1.18e-05,2.72e-02]  max|Δu|=0.87  (51s)
  [20/50] orig idx=402  surr MAE= 0.39%  best r=5  loss range [3.35e-05,3.45e-03]  max|Δu|=0.97  (163s)
  [21/50] orig idx= 14  surr MAE= 0.40%  best r=4  loss range [3.18e-05,2.17e-03]  max|Δu|=0.80  (176s)
  [22/50] orig idx= 15  surr MAE= 0.30%  best r=4  loss range [2.48e-05,2.34e-03]  max|Δu|=0.77  (70s)
  [23/50] orig idx= 16  surr MAE= 0.36%  best r=3  loss range [3.76e-05,3.19e-03]  max|Δu|=0.91  (130s)
  [24/50] orig idx= 23  surr MAE= 0.40%  best r=0  loss range [9.13e-05,4.42e-04]  max|Δu|=0.85  (112s)
  [25/50] orig idx= 34  surr MAE= 0.66%  best r=3  loss range [1.21e-04,7.20e-04]  max|Δu|=0.92  (107s)
  [26/50] orig idx= 36  surr MAE= 0.23%  best r=7  loss range [8.85e-06,1.70e-02]  max|Δu|=0.91  (95s)
  [27/50] orig idx= 49  surr MAE= 0.56%  best r=3  loss range [6.02e-05,3.58e-04]  max|Δu|=0.97  (118s)
  [28/50] orig idx=103  surr MAE= 0.26%  best r=3  loss range [2.26e-05,6.67e-04]  max|Δu|=0.73  (89s)
  [29/50] orig idx=115  surr MAE= 0.16%  best r=7  loss range [3.84e-06,1.79e-02]  max|Δu|=0.77  (51s)
  [30/50] orig idx=138  surr MAE= 1.01%  best r=7  loss range [2.47e-04,2.06e-03]  max|Δu|=0.80  (58s)
  [31/50] orig idx=139  surr MAE= 0.51%  best r=4  loss range [5.02e-05,1.89e-03]  max|Δu|=0.85  (51s)
  [32/50] orig idx=141  surr MAE= 0.42%  best r=4  loss range [3.82e-05,2.99e-04]  max|Δu|=0.84  (117s)
  [33/50] orig idx=143  surr MAE= 0.67%  best r=5  loss range [1.45e-04,3.59e-04]  max|Δu|=0.97  (51s)
  [34/50] orig idx=165  surr MAE= 0.22%  best r=1  loss range [1.31e-05,1.10e-02]  max|Δu|=0.88  (79s)
  [35/50] orig idx=177  surr MAE= 1.84%  best r=5  loss range [8.45e-04,6.72e-03]  max|Δu|=0.82  (114s)
  [36/50] orig idx=192  surr MAE= 0.53%  best r=1  loss range [8.42e-05,8.97e-04]  max|Δu|=0.87  (88s)
  [37/50] orig idx=196  surr MAE= 0.54%  best r=4  loss range [5.02e-05,4.02e-03]  max|Δu|=0.76  (215s)
  [38/50] orig idx=197  surr MAE= 0.62%  best r=1  loss range [8.70e-05,2.48e-04]  max|Δu|=0.90  (205s)
  [39/50] orig idx=280  surr MAE= 0.65%  best r=5  loss range [1.15e-04,3.88e-03]  max|Δu|=0.97  (51s)
  [40/50] orig idx=284  surr MAE= 0.45%  best r=1  loss range [5.03e-05,1.65e-03]  max|Δu|=0.83  (164s)
  [41/50] orig idx=291  surr MAE= 1.34%  best r=5  loss range [6.08e-04,1.20e-03]  max|Δu|=0.72  (79s)
  [42/50] orig idx=292  surr MAE= 3.76%  best r=0  loss range [2.74e-03,2.25e-02]  max|Δu|=0.99  (57s)
  [43/50] orig idx=305  surr MAE= 0.49%  best r=2  loss range [6.00e-05,1.23e-03]  max|Δu|=0.84  (55s)
  [44/50] orig idx=308  surr MAE= 0.67%  best r=3  loss range [7.83e-05,1.08e-03]  max|Δu|=0.92  (86s)
  [45/50] orig idx=320  surr MAE= 0.62%  best r=4  loss range [8.20e-05,1.17e-02]  max|Δu|=0.87  (92s)
  [46/50] orig idx=339  surr MAE= 0.38%  best r=4  loss range [2.40e-05,1.66e-02]  max|Δu|=0.97  (150s)
  [47/50] orig idx=437  surr MAE= 0.45%  best r=4  loss range [6.99e-05,1.85e-03]  max|Δu|=0.83  (205s)
  [48/50] orig idx=438  surr MAE= 2.06%  best r=1  loss range [9.77e-04,3.48e-03]  max|Δu|=0.81  (51s)
  [49/50] orig idx=455  surr MAE= 0.66%  best r=3  loss range [1.09e-04,1.21e-03]  max|Δu|=0.98  (51s)
  [50/50] orig idx=457  surr MAE= 0.91%  best r=0  loss range [1.56e-04,3.28e-03]  max|Δu|=0.97  (51s)
[inverse D v8] wrote inverse_D_v8.npz  mean surr MAE 0.67% (range 0.09-3.76%)  total 5673s
