[rcwa B v8] upstream=cb486b5 profile=pub settings={'grid': (64, 64), 'order': [5, 5], 'dtype': torch.complex64, 'adaptive_order': True} dtype=torch.complex64 materials=jc torcwa=0.1.4.2
[rcwa B v8] 20/20 geometries (shard 0/1), device=cuda, wl 400-1800 nm, order=adaptive
  [ 1/20] RCWA MAE=  1.96%  N=9-17  (445.6s)
  [ 2/20] RCWA MAE=  3.14%  N=9-17  (211.3s)
  [ 3/20] RCWA MAE=  1.05%  N=9-13  (142.5s)
  [ 4/20] RCWA MAE=  0.87%  N=9-17  (326.0s)
  [ 5/20] RCWA MAE=  4.12%  N=9-13  (146.8s)
  [ 6/20] RCWA MAE=  2.83%  N=9-13  (152.9s)
  [ 7/20] RCWA MAE=  3.95%  N=9-13  (131.2s)
  [ 8/20] RCWA MAE=  1.35%  N=9-17  (211.9s)
  [ 9/20] RCWA MAE=  3.73%  N=9-17  (187.7s)
  [10/20] RCWA MAE=  2.31%  N=9-17  (231.2s)
  [11/20] RCWA MAE=  3.51%  N=9-17  (387.6s)
  [12/20] RCWA MAE=  1.60%  N=9-13  (160.7s)
  [13/20] RCWA MAE=  2.54%  N=9-13  (119.4s)
  [14/20] RCWA MAE= 16.77%  N=9-13  (131.8s)
  [15/20] RCWA MAE=  3.65%  N=9-13  (135.7s)
  [16/20] RCWA MAE=  1.33%  N=9-17  (241.4s)
  [17/20] RCWA MAE=  6.60%  N=9-17  (325.6s)
  [18/20] RCWA MAE=  1.28%  N=9-17  (274.0s)
  [19/20] RCWA MAE=  2.06%  N=9-17  (422.7s)
  [20/20] RCWA MAE=  1.37%  N=9-17  (268.2s)
[rcwa B v8] shard done in 4655s

=== Per-sample (B v8) ===
  [ 1] surr=  0.21%  rcwa=  1.96%  Δ= +1.75%
  [ 2] surr=  0.51%  rcwa=  3.14%  Δ= +2.63%
  [ 3] surr=  0.29%  rcwa=  1.05%  Δ= +0.75%
  [ 4] surr=  0.32%  rcwa=  0.87%  Δ= +0.54%
  [ 5] surr=  0.38%  rcwa=  4.12%  Δ= +3.74%
  [ 6] surr=  0.71%  rcwa=  2.83%  Δ= +2.12%
  [ 7] surr=  0.18%  rcwa=  3.95%  Δ= +3.77%
  [ 8] surr=  0.91%  rcwa=  1.35%  Δ= +0.44%
  [ 9] surr=  1.04%  rcwa=  3.73%  Δ= +2.70%
  [10] surr=  0.42%  rcwa=  2.31%  Δ= +1.89%
  [11] surr=  1.08%  rcwa=  3.51%  Δ= +2.43%
  [12] surr=  0.23%  rcwa=  1.60%  Δ= +1.36%
  [13] surr=  0.30%  rcwa=  2.54%  Δ= +2.25%
  [14] surr=  0.27%  rcwa= 16.77%  Δ=+16.49%
  [15] surr=  0.26%  rcwa=  3.65%  Δ= +3.39%
  [16] surr=  0.47%  rcwa=  1.33%  Δ= +0.86%
  [17] surr=  0.51%  rcwa=  6.60%  Δ= +6.09%
  [18] surr=  0.19%  rcwa=  1.28%  Δ= +1.09%
  [19] surr=  0.30%  rcwa=  2.06%  Δ= +1.76%
  [20] surr=  0.43%  rcwa=  1.37%  Δ= +0.94%
[rcwa B v8] wrote rcwa_B_s777_m0_v8.npz; 20/20 success, 4654s solver time
