[rcwa B v8] upstream=cb486b5 profile=pub settings={'grid': (64, 64), 'order': [5, 5], 'dtype': torch.complex64, 'adaptive_order': True} dtype=torch.complex64 materials=jc torcwa=0.1.4.2
[rcwa B v8] 20/20 geometries (shard 0/1), device=cuda, wl 400-1800 nm, order=adaptive
  [ 1/20] RCWA MAE=  2.16%  N=9-17  (257.3s)
  [ 2/20] RCWA MAE=  2.93%  N=9-13  (134.4s)
  [ 3/20] RCWA MAE=  0.54%  N=9-13  (141.8s)
  [ 4/20] RCWA MAE=  2.66%  N=9-17  (271.0s)
  [ 5/20] RCWA MAE=  1.66%  N=9-13  (135.5s)
  [ 6/20] RCWA MAE=  1.56%  N=9-17  (180.7s)
  [ 7/20] RCWA MAE=  3.99%  N=9-13  (127.4s)
  [ 8/20] RCWA MAE=  2.10%  N=9-13  (151.7s)
  [ 9/20] RCWA MAE=  3.03%  N=9-17  (198.3s)
  [10/20] RCWA MAE=  1.71%  N=9-17  (227.9s)
  [11/20] RCWA MAE=  3.09%  N=9-17  (345.6s)
  [12/20] RCWA MAE=  3.90%  N=9-13  (169.9s)
  [13/20] RCWA MAE=  2.43%  N=9-13  (115.3s)
  [14/20] RCWA MAE=  5.51%  N=9-13  (147.8s)
  [15/20] RCWA MAE= 23.57%  N=9-13  (161.5s)
  [16/20] RCWA MAE=  1.29%  N=9-17  (236.6s)
  [17/20] RCWA MAE=  2.13%  N=9-17  (321.5s)
  [18/20] RCWA MAE=  1.75%  N=9-17  (208.6s)
  [19/20] RCWA MAE=  0.92%  N=9-17  (370.8s)
  [20/20] RCWA MAE=  0.83%  N=9-17  (255.0s)
[rcwa B v8] shard done in 4160s

=== Per-sample (B v8) ===
  [ 1] surr=  0.15%  rcwa=  2.16%  Δ= +2.01%
  [ 2] surr=  0.75%  rcwa=  2.93%  Δ= +2.18%
  [ 3] surr=  0.27%  rcwa=  0.54%  Δ= +0.27%
  [ 4] surr=  0.48%  rcwa=  2.66%  Δ= +2.18%
  [ 5] surr=  0.57%  rcwa=  1.66%  Δ= +1.09%
  [ 6] surr=  0.48%  rcwa=  1.56%  Δ= +1.08%
  [ 7] surr=  0.46%  rcwa=  3.99%  Δ= +3.52%
  [ 8] surr=  0.76%  rcwa=  2.10%  Δ= +1.34%
  [ 9] surr=  1.14%  rcwa=  3.03%  Δ= +1.89%
  [10] surr=  0.38%  rcwa=  1.71%  Δ= +1.33%
  [11] surr=  1.23%  rcwa=  3.09%  Δ= +1.87%
  [12] surr=  0.20%  rcwa=  3.90%  Δ= +3.70%
  [13] surr=  0.38%  rcwa=  2.43%  Δ= +2.05%
  [14] surr=  0.27%  rcwa=  5.51%  Δ= +5.24%
  [15] surr=  0.39%  rcwa= 23.57%  Δ=+23.19%
  [16] surr=  0.38%  rcwa=  1.29%  Δ= +0.91%
  [17] surr=  0.53%  rcwa=  2.13%  Δ= +1.60%
  [18] surr=  0.18%  rcwa=  1.75%  Δ= +1.57%
  [19] surr=  0.24%  rcwa=  0.92%  Δ= +0.68%
  [20] surr=  0.48%  rcwa=  0.83%  Δ= +0.35%
[rcwa B v8] wrote rcwa_B_s123_m0_v8.npz; 20/20 success, 4159s solver time
