[rcwa B v8] upstream=cb486b5 profile=pub settings={'grid': (64, 64), 'order': [5, 5], 'dtype': torch.complex64, 'adaptive_order': True} dtype=torch.complex64 materials=jc torcwa=0.1.4.2
[rcwa B v8] 20/20 geometries (shard 0/1), device=cuda, wl 400-1800 nm, order=adaptive
  [ 1/20] RCWA MAE=  1.25%  N=9-13  (168.7s)
  [ 2/20] RCWA MAE=  2.15%  N=9-13  (130.1s)
  [ 3/20] RCWA MAE=  0.63%  N=9-13  (135.3s)
  [ 4/20] RCWA MAE=  1.26%  N=9-13  (160.1s)
  [ 5/20] RCWA MAE=  1.49%  N=9-13  (123.8s)
  [ 6/20] RCWA MAE=  1.44%  N=9-13  (156.0s)
  [ 7/20] RCWA MAE=  1.03%  N=9-13  (111.7s)
  [ 8/20] RCWA MAE=  1.53%  N=9-13  (141.3s)
  [ 9/20] RCWA MAE=  3.46%  N=9-13  (160.6s)
  [10/20] RCWA MAE=  2.30%  N=9-17  (408.4s)
  [11/20] RCWA MAE=  1.72%  N=9-17  (284.9s)
  [12/20] RCWA MAE=  2.72%  N=9-13  (140.9s)
  [13/20] RCWA MAE=  1.57%  N=9-9  (104.3s)
  [14/20] RCWA MAE=  0.37%  N=9-13  (125.6s)
  [15/20] RCWA MAE=  1.20%  N=9-13  (119.4s)
  [16/20] RCWA MAE=  0.74%  N=9-17  (247.5s)
  [17/20] RCWA MAE=  1.53%  N=9-17  (278.0s)
  [18/20] RCWA MAE=  3.34%  N=9-13  (152.5s)
  [19/20] RCWA MAE=  0.98%  N=9-17  (326.1s)
  [20/20] RCWA MAE=  1.53%  N=9-13  (134.6s)
[rcwa B v8] shard done in 3611s

=== Per-sample (B v8) ===
  [ 1] surr=  0.17%  rcwa=  1.25%  Δ= +1.08%
  [ 2] surr=  0.49%  rcwa=  2.15%  Δ= +1.66%
  [ 3] surr=  0.32%  rcwa=  0.63%  Δ= +0.31%
  [ 4] surr=  0.43%  rcwa=  1.26%  Δ= +0.82%
  [ 5] surr=  1.04%  rcwa=  1.49%  Δ= +0.46%
  [ 6] surr=  0.41%  rcwa=  1.44%  Δ= +1.03%
  [ 7] surr=  0.22%  rcwa=  1.03%  Δ= +0.81%
  [ 8] surr=  1.01%  rcwa=  1.53%  Δ= +0.51%
  [ 9] surr=  1.39%  rcwa=  3.46%  Δ= +2.06%
  [10] surr=  0.68%  rcwa=  2.30%  Δ= +1.63%
  [11] surr=  0.88%  rcwa=  1.72%  Δ= +0.84%
  [12] surr=  0.20%  rcwa=  2.72%  Δ= +2.52%
  [13] surr=  0.43%  rcwa=  1.57%  Δ= +1.14%
  [14] surr=  0.21%  rcwa=  0.37%  Δ= +0.16%
  [15] surr=  0.53%  rcwa=  1.20%  Δ= +0.67%
  [16] surr=  0.74%  rcwa=  0.74%  Δ= -0.00%
  [17] surr=  0.40%  rcwa=  1.53%  Δ= +1.12%
  [18] surr=  0.24%  rcwa=  3.34%  Δ= +3.09%
  [19] surr=  0.20%  rcwa=  0.98%  Δ= +0.78%
  [20] surr=  0.44%  rcwa=  1.53%  Δ= +1.10%
[rcwa B v8] wrote rcwa_B_s777_feas_v8.npz; 20/20 success, 3610s solver time
