[rcwa C v8] upstream=cb486b5 profile=pub settings={'grid': (64, 64), 'order': [5, 5], 'adaptive_order': True, 'dtype': torch.complex64} dtype=torch.complex64 materials=jc torcwa=0.1.4.2
[rcwa C v8] 20/20 geometries (shard 0/1), device=cuda, wl 400-1800 nm, order=adaptive
  [ 1/20] RCWA MAE=  1.68%  N=17-17  (1712.5s)
  [ 2/20] RCWA MAE=  1.61%  N=17-17  (1666.1s)
  [ 3/20] RCWA MAE=  1.51%  N=17-17  (1733.0s)
  [ 4/20] RCWA MAE=  0.71%  N=17-17  (1810.0s)
  [ 5/20] RCWA MAE=  0.86%  N=17-17  (1864.3s)
  [ 6/20] RCWA MAE=  2.56%  N=17-17  (1699.9s)
  [ 7/20] RCWA MAE=  2.00%  N=17-17  (1806.8s)
  [ 8/20] RCWA MAE=  2.62%  N=9-13  (172.6s)
  [ 9/20] RCWA MAE=  0.58%  N=17-17  (1806.1s)
  [10/20] RCWA MAE=  1.25%  N=17-17  (1811.1s)
  [11/20] RCWA MAE=  1.02%  N=17-17  (1672.1s)
  [12/20] RCWA MAE=  1.33%  N=17-17  (1693.7s)
  [13/20] RCWA MAE=  0.89%  N=9-13  (157.4s)
  [14/20] RCWA MAE=  1.28%  N=17-17  (1593.6s)
  [15/20] RCWA MAE=  2.22%  N=9-13  (164.2s)
  [16/20] RCWA MAE=  1.40%  N=17-17  (1711.2s)
  [17/20] RCWA MAE=  1.59%  N=17-17  (1722.4s)
  [18/20] RCWA MAE=  6.13%  N=9-13  (189.1s)
  [19/20] RCWA MAE=  1.42%  N=9-13  (172.7s)
  [20/20] RCWA MAE=  4.87%  N=9-13  (189.9s)
[rcwa C v8] shard done in 25350s

=== Per-sample (C v8) ===
  [ 1] surr=  0.91%  rcwa=  1.68%  Δ= +0.76%
  [ 2] surr=  0.90%  rcwa=  1.61%  Δ= +0.71%
  [ 3] surr=  0.76%  rcwa=  1.51%  Δ= +0.75%
  [ 4] surr=  1.00%  rcwa=  0.71%  Δ= -0.30%
  [ 5] surr=  0.62%  rcwa=  0.86%  Δ= +0.24%
  [ 6] surr=  0.87%  rcwa=  2.56%  Δ= +1.69%
  [ 7] surr=  1.47%  rcwa=  2.00%  Δ= +0.54%
  [ 8] surr=  2.68%  rcwa=  2.62%  Δ= -0.05%
  [ 9] surr=  0.25%  rcwa=  0.58%  Δ= +0.33%
  [10] surr=  0.66%  rcwa=  1.25%  Δ= +0.60%
  [11] surr=  1.15%  rcwa=  1.02%  Δ= -0.14%
  [12] surr=  1.17%  rcwa=  1.33%  Δ= +0.16%
  [13] surr=  1.03%  rcwa=  0.89%  Δ= -0.15%
  [14] surr=  1.57%  rcwa=  1.28%  Δ= -0.29%
  [15] surr=  1.34%  rcwa=  2.22%  Δ= +0.88%
  [16] surr=  1.32%  rcwa=  1.40%  Δ= +0.08%
  [17] surr=  1.73%  rcwa=  1.59%  Δ= -0.14%
  [18] surr=  3.72%  rcwa=  6.13%  Δ= +2.41%
  [19] surr=  1.27%  rcwa=  1.42%  Δ= +0.15%
  [20] surr=  4.00%  rcwa=  4.87%  Δ= +0.87%
[rcwa C v8] wrote rcwa_C_s777_feas_v8.npz; 20/20 success, 25349s solver time
