[rcwa A v8] upstream=cb486b5 profile=pub settings={'grid': (64, 64), 'order': [5, 5], 'dtype': torch.complex64, 'adaptive_order': True} dtype=torch.complex64 materials=jc torcwa=0.1.4.2
[rcwa A v8] 20/20 geometries (shard 0/1), device=cuda, wl 400-1800 nm, order=adaptive
  [ 1/20] RCWA MAE=  3.23%  N=17-17  (3626.6s)
  [ 2/20] RCWA MAE=  2.24%  N=17-17  (3607.4s)
  [ 3/20] RCWA MAE=  2.01%  N=17-17  (3618.7s)
  [ 4/20] RCWA MAE=  4.49%  N=17-17  (3453.7s)
  [ 5/20] RCWA MAE=  3.54%  N=17-17  (4189.9s)
  [ 6/20] RCWA MAE=  1.34%  N=17-17  (3431.7s)
  [ 7/20] RCWA MAE=  1.65%  N=17-17  (3413.4s)
  [ 8/20] RCWA MAE=  2.83%  N=17-17  (4256.2s)
  [ 9/20] RCWA MAE=  4.00%  N=17-17  (2867.1s)
  [10/20] RCWA MAE=  2.45%  N=17-17  (3475.1s)
  [11/20] RCWA MAE=  1.86%  N=17-17  (3636.0s)
  [12/20] RCWA MAE=  1.88%  N=17-17  (3593.4s)
  [13/20] RCWA MAE=  9.97%  N=17-17  (3629.7s)
  [14/20] RCWA MAE=  1.01%  N=17-17  (3657.8s)
  [15/20] RCWA MAE=  5.46%  N=17-17  (3463.9s)
  [16/20] RCWA MAE=  2.14%  N=17-17  (4036.8s)
  [17/20] RCWA MAE=  1.63%  N=17-17  (3299.5s)
  [18/20] RCWA MAE=  3.86%  N=17-17  (3428.4s)
  [19/20] RCWA MAE=  2.47%  N=17-17  (3465.1s)
  [20/20] RCWA MAE=  3.92%  N=17-17  (3389.4s)
[rcwa A v8] shard done in 71542s

=== Per-sample (A v8) ===
  [ 1] surr=  0.95%  rcwa=  3.23%  Δ= +2.28%
  [ 2] surr=  0.91%  rcwa=  2.24%  Δ= +1.33%
  [ 3] surr=  0.48%  rcwa=  2.01%  Δ= +1.53%
  [ 4] surr=  0.93%  rcwa=  4.49%  Δ= +3.56%
  [ 5] surr=  0.22%  rcwa=  3.54%  Δ= +3.33%
  [ 6] surr=  0.34%  rcwa=  1.34%  Δ= +1.00%
  [ 7] surr=  0.64%  rcwa=  1.65%  Δ= +1.00%
  [ 8] surr=  0.20%  rcwa=  2.83%  Δ= +2.64%
  [ 9] surr=  0.70%  rcwa=  4.00%  Δ= +3.30%
  [10] surr=  0.20%  rcwa=  2.45%  Δ= +2.25%
  [11] surr=  0.32%  rcwa=  1.86%  Δ= +1.54%
  [12] surr=  0.27%  rcwa=  1.88%  Δ= +1.61%
  [13] surr=  0.18%  rcwa=  9.97%  Δ= +9.79%
  [14] surr=  0.18%  rcwa=  1.01%  Δ= +0.83%
  [15] surr=  0.94%  rcwa=  5.46%  Δ= +4.52%
  [16] surr=  0.51%  rcwa=  2.14%  Δ= +1.63%
  [17] surr=  0.11%  rcwa=  1.63%  Δ= +1.52%
  [18] surr=  1.29%  rcwa=  3.86%  Δ= +2.57%
  [19] surr=  0.09%  rcwa=  2.47%  Δ= +2.37%
  [20] surr=  0.58%  rcwa=  3.92%  Δ= +3.34%
[rcwa A v8] wrote rcwa_A_s123_m0_v8.npz; 20/20 success, 71540s solver time
