[rcwa C v8] upstream=cb486b5 profile=pub settings={'grid': (64, 64), 'order': [5, 5], 'adaptive_order': True, 'dtype': torch.complex64} dtype=torch.complex64 materials=jc torcwa=0.1.4.2
[rcwa C v8] 20/20 geometries (shard 0/1), device=cuda, wl 400-1800 nm, order=adaptive
  [ 1/20] RCWA MAE=  0.64%  N=17-17  (1848.5s)
  [ 2/20] RCWA MAE=  1.68%  N=17-17  (1786.3s)
  [ 3/20] RCWA MAE=  1.45%  N=17-17  (1813.5s)
  [ 4/20] RCWA MAE=  0.82%  N=17-17  (1817.2s)
  [ 5/20] RCWA MAE=  0.49%  N=17-17  (1416.9s)
  [ 6/20] RCWA MAE=  1.31%  N=17-17  (1294.8s)
  [ 7/20] RCWA MAE=  5.45%  N=17-17  (1398.5s)
  [ 8/20] RCWA MAE=  2.82%  N=9-13  (165.2s)
  [ 9/20] RCWA MAE=  0.94%  N=17-17  (1436.1s)
  [10/20] RCWA MAE=  1.46%  N=17-17  (1549.4s)
  [11/20] RCWA MAE=  1.63%  N=17-17  (1756.0s)
  [12/20] RCWA MAE=  1.28%  N=17-17  (1684.1s)
  [13/20] RCWA MAE=  1.00%  N=9-13  (162.0s)
  [14/20] RCWA MAE=  1.29%  N=17-17  (1663.0s)
  [15/20] RCWA MAE=  2.10%  N=9-13  (167.3s)
  [16/20] RCWA MAE=  0.80%  N=17-17  (1687.7s)
  [17/20] RCWA MAE=  0.30%  N=17-17  (1437.0s)
  [18/20] RCWA MAE=  6.84%  N=9-13  (186.2s)
  [19/20] RCWA MAE=  1.66%  N=9-13  (172.5s)
  [20/20] RCWA MAE=  2.01%  N=17-17  (1465.5s)
[rcwa C v8] shard done in 24909s

=== Per-sample (C v8) ===
  [ 1] surr=  0.73%  rcwa=  0.64%  Δ= -0.10%
  [ 2] surr=  0.83%  rcwa=  1.68%  Δ= +0.85%
  [ 3] surr=  0.92%  rcwa=  1.45%  Δ= +0.54%
  [ 4] surr=  0.85%  rcwa=  0.82%  Δ= -0.03%
  [ 5] surr=  0.47%  rcwa=  0.49%  Δ= +0.02%
  [ 6] surr=  0.99%  rcwa=  1.31%  Δ= +0.32%
  [ 7] surr=  3.28%  rcwa=  5.45%  Δ= +2.16%
  [ 8] surr=  2.72%  rcwa=  2.82%  Δ= +0.10%
  [ 9] surr=  0.32%  rcwa=  0.94%  Δ= +0.61%
  [10] surr=  0.96%  rcwa=  1.46%  Δ= +0.50%
  [11] surr=  1.08%  rcwa=  1.63%  Δ= +0.55%
  [12] surr=  1.44%  rcwa=  1.28%  Δ= -0.16%
  [13] surr=  0.99%  rcwa=  1.00%  Δ= +0.01%
  [14] surr=  0.94%  rcwa=  1.29%  Δ= +0.35%
  [15] surr=  1.22%  rcwa=  2.10%  Δ= +0.88%
  [16] surr=  0.20%  rcwa=  0.80%  Δ= +0.60%
  [17] surr=  0.27%  rcwa=  0.30%  Δ= +0.03%
  [18] surr=  4.85%  rcwa=  6.84%  Δ= +1.99%
  [19] surr=  1.32%  rcwa=  1.66%  Δ= +0.34%
  [20] surr=  1.78%  rcwa=  2.01%  Δ= +0.23%
[rcwa C v8] wrote rcwa_C_s123_m0_v8.npz; 20/20 success, 24908s solver time
